Archive member included to satisfy reference by file (symbol)

E:/home/inouema/work/altera_max10/BeMicroMax10_full_feature_sw/software/max10_full_feature_bsp/\libhal_bsp.a(alt_load.o)
                              E:/home/inouema/work/altera_max10/BeMicroMax10_full_feature_sw/software/max10_full_feature_bsp//obj/HAL/src/crt0.o (alt_load)
E:/home/inouema/work/altera_max10/BeMicroMax10_full_feature_sw/software/max10_full_feature_bsp/\libhal_bsp.a(alt_main.o)
                              E:/home/inouema/work/altera_max10/BeMicroMax10_full_feature_sw/software/max10_full_feature_bsp//obj/HAL/src/crt0.o (alt_main)
E:/home/inouema/work/altera_max10/BeMicroMax10_full_feature_sw/software/max10_full_feature_bsp/\libhal_bsp.a(alt_putstr.o)
                              obj/default/hello_world_small.o (alt_putstr)
E:/home/inouema/work/altera_max10/BeMicroMax10_full_feature_sw/software/max10_full_feature_bsp/\libhal_bsp.a(alt_sys_init.o)
                              E:/home/inouema/work/altera_max10/BeMicroMax10_full_feature_sw/software/max10_full_feature_bsp/\libhal_bsp.a(alt_main.o) (alt_irq_init)
E:/home/inouema/work/altera_max10/BeMicroMax10_full_feature_sw/software/max10_full_feature_bsp/\libhal_bsp.a(altera_avalon_jtag_uart_write.o)
                              E:/home/inouema/work/altera_max10/BeMicroMax10_full_feature_sw/software/max10_full_feature_bsp/\libhal_bsp.a(alt_putstr.o) (altera_avalon_jtag_uart_write)
E:/home/inouema/work/altera_max10/BeMicroMax10_full_feature_sw/software/max10_full_feature_bsp/\libhal_bsp.a(altera_modular_adc.o)
                              E:/home/inouema/work/altera_max10/BeMicroMax10_full_feature_sw/software/max10_full_feature_bsp/\libhal_bsp.a(alt_sys_init.o) (altera_modular_adc_init)
E:/home/inouema/work/altera_max10/BeMicroMax10_full_feature_sw/software/max10_full_feature_bsp/\libhal_bsp.a(altera_onchip_flash.o)
                              E:/home/inouema/work/altera_max10/BeMicroMax10_full_feature_sw/software/max10_full_feature_bsp/\libhal_bsp.a(alt_sys_init.o) (alt_onchip_flash_read)
E:/home/inouema/work/altera_max10/BeMicroMax10_full_feature_sw/software/max10_full_feature_bsp/\libhal_bsp.a(alt_dcache_flush.o)
                              E:/home/inouema/work/altera_max10/BeMicroMax10_full_feature_sw/software/max10_full_feature_bsp/\libhal_bsp.a(altera_onchip_flash.o) (alt_dcache_flush)
E:/home/inouema/work/altera_max10/BeMicroMax10_full_feature_sw/software/max10_full_feature_bsp/\libhal_bsp.a(alt_dcache_flush_all.o)
                              E:/home/inouema/work/altera_max10/BeMicroMax10_full_feature_sw/software/max10_full_feature_bsp/\libhal_bsp.a(alt_load.o) (alt_dcache_flush_all)
E:/home/inouema/work/altera_max10/BeMicroMax10_full_feature_sw/software/max10_full_feature_bsp/\libhal_bsp.a(alt_dev_llist_insert.o)
                              E:/home/inouema/work/altera_max10/BeMicroMax10_full_feature_sw/software/max10_full_feature_bsp/\libhal_bsp.a(altera_modular_adc.o) (alt_dev_llist_insert)
E:/home/inouema/work/altera_max10/BeMicroMax10_full_feature_sw/software/max10_full_feature_bsp/\libhal_bsp.a(alt_errno.o)
                              E:/home/inouema/work/altera_max10/BeMicroMax10_full_feature_sw/software/max10_full_feature_bsp/\libhal_bsp.a(alt_dev_llist_insert.o) (alt_errno)
E:/home/inouema/work/altera_max10/BeMicroMax10_full_feature_sw/software/max10_full_feature_bsp/\libhal_bsp.a(alt_find_dev.o)
                              E:/home/inouema/work/altera_max10/BeMicroMax10_full_feature_sw/software/max10_full_feature_bsp/\libhal_bsp.a(altera_modular_adc.o) (alt_find_dev)
E:/home/inouema/work/altera_max10/BeMicroMax10_full_feature_sw/software/max10_full_feature_bsp/\libhal_bsp.a(alt_flash_dev.o)
                              E:/home/inouema/work/altera_max10/BeMicroMax10_full_feature_sw/software/max10_full_feature_bsp/\libhal_bsp.a(altera_onchip_flash.o) (alt_flash_dev_list)
E:/home/inouema/work/altera_max10/BeMicroMax10_full_feature_sw/software/max10_full_feature_bsp/\libhal_bsp.a(alt_icache_flush_all.o)
                              E:/home/inouema/work/altera_max10/BeMicroMax10_full_feature_sw/software/max10_full_feature_bsp/\libhal_bsp.a(alt_load.o) (alt_icache_flush_all)
E:/home/inouema/work/altera_max10/BeMicroMax10_full_feature_sw/software/max10_full_feature_bsp/\libhal_bsp.a(alt_iic.o)
                              E:/home/inouema/work/altera_max10/BeMicroMax10_full_feature_sw/software/max10_full_feature_bsp/\libhal_bsp.a(altera_modular_adc.o) (alt_ic_isr_register)
E:/home/inouema/work/altera_max10/BeMicroMax10_full_feature_sw/software/max10_full_feature_bsp/\libhal_bsp.a(alt_iic_isr_register.o)
                              E:/home/inouema/work/altera_max10/BeMicroMax10_full_feature_sw/software/max10_full_feature_bsp/\libhal_bsp.a(alt_iic.o) (alt_iic_isr_register)
E:/home/inouema/work/altera_max10/BeMicroMax10_full_feature_sw/software/max10_full_feature_bsp/\libhal_bsp.a(alt_irq_entry.o)
                              E:/home/inouema/work/altera_max10/BeMicroMax10_full_feature_sw/software/max10_full_feature_bsp/\libhal_bsp.a(alt_iic_isr_register.o) (alt_irq_entry)
E:/home/inouema/work/altera_max10/BeMicroMax10_full_feature_sw/software/max10_full_feature_bsp/\libhal_bsp.a(alt_irq_handler.o)
                              E:/home/inouema/work/altera_max10/BeMicroMax10_full_feature_sw/software/max10_full_feature_bsp/\libhal_bsp.a(alt_iic_isr_register.o) (alt_irq_handler)
E:/home/inouema/work/altera_max10/BeMicroMax10_full_feature_sw/software/max10_full_feature_bsp/\libhal_bsp.a(alt_irq_vars.o)
                              E:/home/inouema/work/altera_max10/BeMicroMax10_full_feature_sw/software/max10_full_feature_bsp/\libhal_bsp.a(alt_iic.o) (alt_irq_active)
E:/home/inouema/work/altera_max10/BeMicroMax10_full_feature_sw/software/max10_full_feature_bsp/\libhal_bsp.a(altera_nios2_gen2_irq.o)
                              E:/home/inouema/work/altera_max10/BeMicroMax10_full_feature_sw/software/max10_full_feature_bsp/\libhal_bsp.a(alt_sys_init.o) (altera_nios2_gen2_irq_init)
E:/home/inouema/work/altera_max10/BeMicroMax10_full_feature_sw/software/max10_full_feature_bsp/\libhal_bsp.a(alt_exception_entry.o)
                              E:/home/inouema/work/altera_max10/BeMicroMax10_full_feature_sw/software/max10_full_feature_bsp/\libhal_bsp.a(alt_irq_entry.o) (alt_exception)
E:/home/inouema/work/altera_max10/BeMicroMax10_full_feature_sw/software/max10_full_feature_bsp/\libhal_bsp.a(alt_instruction_exception_entry.o)
                              E:/home/inouema/work/altera_max10/BeMicroMax10_full_feature_sw/software/max10_full_feature_bsp/\libhal_bsp.a(alt_exception_entry.o) (alt_instruction_exception_entry)
c:/altera/15.0/nios2eds/bin/gnu/h-x86_64-mingw32/bin/../lib/gcc/nios2-elf/4.9.1/../../../../../H-x86_64-mingw32/nios2-elf/lib/mno-hw-mul\libsmallc.a(lib_a-int_errno.o)
                              E:/home/inouema/work/altera_max10/BeMicroMax10_full_feature_sw/software/max10_full_feature_bsp/\libhal_bsp.a(alt_dev_llist_insert.o) (errno)
c:/altera/15.0/nios2eds/bin/gnu/h-x86_64-mingw32/bin/../lib/gcc/nios2-elf/4.9.1/../../../../../H-x86_64-mingw32/nios2-elf/lib/mno-hw-mul\libsmallc.a(lib_a-memcmp.o)
                              E:/home/inouema/work/altera_max10/BeMicroMax10_full_feature_sw/software/max10_full_feature_bsp/\libhal_bsp.a(altera_onchip_flash.o) (memcmp)
c:/altera/15.0/nios2eds/bin/gnu/h-x86_64-mingw32/bin/../lib/gcc/nios2-elf/4.9.1/../../../../../H-x86_64-mingw32/nios2-elf/lib/mno-hw-mul\libsmallc.a(lib_a-memcpy.o)
                              E:/home/inouema/work/altera_max10/BeMicroMax10_full_feature_sw/software/max10_full_feature_bsp/\libhal_bsp.a(altera_onchip_flash.o) (memcpy)
c:/altera/15.0/nios2eds/bin/gnu/h-x86_64-mingw32/bin/../lib/gcc/nios2-elf/4.9.1/../../../../../H-x86_64-mingw32/nios2-elf/lib/mno-hw-mul\libsmallc.a(lib_a-strlen.o)
                              E:/home/inouema/work/altera_max10/BeMicroMax10_full_feature_sw/software/max10_full_feature_bsp/\libhal_bsp.a(alt_putstr.o) (strlen)
c:/altera/15.0/nios2eds/bin/gnu/h-x86_64-mingw32/bin/../lib/gcc/nios2-elf/4.9.1/mno-hw-mul\libgcc.a(lib2-divmod.o)
                              E:/home/inouema/work/altera_max10/BeMicroMax10_full_feature_sw/software/max10_full_feature_bsp/\libhal_bsp.a(altera_onchip_flash.o) (__divsi3)

Allocating common symbols
Common symbol       size              file

alt_irq             0x100             E:/home/inouema/work/altera_max10/BeMicroMax10_full_feature_sw/software/max10_full_feature_bsp/\libhal_bsp.a(alt_irq_handler.o)
errno               0x4               c:/altera/15.0/nios2eds/bin/gnu/h-x86_64-mingw32/bin/../lib/gcc/nios2-elf/4.9.1/../../../../../H-x86_64-mingw32/nios2-elf/lib/mno-hw-mul\libsmallc.a(lib_a-int_errno.o)

Memory Configuration

Name             Origin             Length             Attributes
sdram            0x0000000000800000 0x0000000000800000
ufm_flash_data   0x0000000001080000 0x000000000004e000
reset            0x0000000001104000 0x0000000000000020
cpu_ram          0x0000000001104020 0x0000000000003fe0
BeMicro_Max10_serial_flash_controller_0 0x0000000001109000 0x0000000000000800
*default*        0x0000000000000000 0xffffffffffffffff

Linker script and memory map

LOAD E:/home/inouema/work/altera_max10/BeMicroMax10_full_feature_sw/software/max10_full_feature_bsp//obj/HAL/src/crt0.o
LOAD obj/default/hello_world_small.o
LOAD c:/altera/15.0/nios2eds/bin/gnu/h-x86_64-mingw32/bin/../lib/gcc/nios2-elf/4.9.1/../../../../../H-x86_64-mingw32/nios2-elf/lib/mno-hw-mul\libstdc++.a
LOAD c:/altera/15.0/nios2eds/bin/gnu/h-x86_64-mingw32/bin/../lib/gcc/nios2-elf/4.9.1/../../../../../H-x86_64-mingw32/nios2-elf/lib/mno-hw-mul\libm.a
LOAD c:/altera/15.0/nios2eds/bin/gnu/h-x86_64-mingw32/bin/../lib/gcc/nios2-elf/4.9.1/mno-hw-mul\libgcc.a
START GROUP
LOAD c:/altera/15.0/nios2eds/bin/gnu/h-x86_64-mingw32/bin/../lib/gcc/nios2-elf/4.9.1/../../../../../H-x86_64-mingw32/nios2-elf/lib/mno-hw-mul\libsmallc.a
LOAD c:/altera/15.0/nios2eds/bin/gnu/h-x86_64-mingw32/bin/../lib/gcc/nios2-elf/4.9.1/mno-hw-mul\libgcc.a
LOAD E:/home/inouema/work/altera_max10/BeMicroMax10_full_feature_sw/software/max10_full_feature_bsp/\libhal_bsp.a
LOAD c:/altera/15.0/nios2eds/bin/gnu/h-x86_64-mingw32/bin/../lib/gcc/nios2-elf/4.9.1/../../../../../H-x86_64-mingw32/nios2-elf/lib/mno-hw-mul\libm.a
END GROUP
LOAD c:/altera/15.0/nios2eds/bin/gnu/h-x86_64-mingw32/bin/../lib/gcc/nios2-elf/4.9.1/mno-hw-mul\libgcc.a
                0x0000000000800000                __alt_mem_sdram = 0x800000
                0x0000000001080000                __alt_mem_ufm_flash_data = 0x1080000
                0x0000000001104000                __alt_mem_cpu_ram = 0x1104000
                0x0000000001109000                __alt_mem_BeMicro_Max10_serial_flash_controller_0 = 0x1109000

.entry          0x0000000001104000       0x20
 *(.entry)
 .entry         0x0000000001104000       0x20 E:/home/inouema/work/altera_max10/BeMicroMax10_full_feature_sw/software/max10_full_feature_bsp//obj/HAL/src/crt0.o
                0x0000000001104000                __reset
                0x000000000110400c                _exit

.exceptions     0x0000000001104020      0x160 load address 0x0000000000800000
                0x0000000001104020                PROVIDE (__ram_exceptions_start, ABSOLUTE (.))
                0x0000000001104020                . = ALIGN (0x20)
 *(.irq)
 *(.exceptions.entry.label)
 .exceptions.entry.label
                0x0000000001104020        0x0 E:/home/inouema/work/altera_max10/BeMicroMax10_full_feature_sw/software/max10_full_feature_bsp/\libhal_bsp.a(alt_irq_entry.o)
                0x0000000001104020                alt_irq_entry
 .exceptions.entry.label
                0x0000000001104020        0x0 E:/home/inouema/work/altera_max10/BeMicroMax10_full_feature_sw/software/max10_full_feature_bsp/\libhal_bsp.a(alt_exception_entry.o)
                0x0000000001104020                alt_exception
 *(.exceptions.entry.user)
 *(.exceptions.entry.ecc_fatal)
 *(.exceptions.entry)
 .exceptions.entry
                0x0000000001104020       0x54 E:/home/inouema/work/altera_max10/BeMicroMax10_full_feature_sw/software/max10_full_feature_bsp/\libhal_bsp.a(alt_exception_entry.o)
 *(.exceptions.irqtest.user)
 *(.exceptions.irqtest)
 .exceptions.irqtest
                0x0000000001104074       0x10 E:/home/inouema/work/altera_max10/BeMicroMax10_full_feature_sw/software/max10_full_feature_bsp/\libhal_bsp.a(alt_irq_entry.o)
 *(.exceptions.irqhandler.user)
 *(.exceptions.irqhandler)
 .exceptions.irqhandler
                0x0000000001104084        0x4 E:/home/inouema/work/altera_max10/BeMicroMax10_full_feature_sw/software/max10_full_feature_bsp/\libhal_bsp.a(alt_irq_entry.o)
 *(.exceptions.irqreturn.user)
 *(.exceptions.irqreturn)
 .exceptions.irqreturn
                0x0000000001104088        0x4 E:/home/inouema/work/altera_max10/BeMicroMax10_full_feature_sw/software/max10_full_feature_bsp/\libhal_bsp.a(alt_irq_entry.o)
 *(.exceptions.notirq.label)
 .exceptions.notirq.label
                0x000000000110408c        0x0 E:/home/inouema/work/altera_max10/BeMicroMax10_full_feature_sw/software/max10_full_feature_bsp/\libhal_bsp.a(alt_irq_entry.o)
 *(.exceptions.notirq.user)
 *(.exceptions.notirq)
 .exceptions.notirq
                0x000000000110408c        0x8 E:/home/inouema/work/altera_max10/BeMicroMax10_full_feature_sw/software/max10_full_feature_bsp/\libhal_bsp.a(alt_exception_entry.o)
 *(.exceptions.soft.user)
 *(.exceptions.soft)
 *(.exceptions.unknown.user)
 *(.exceptions.unknown)
 .exceptions.unknown
                0x0000000001104094       0x14 E:/home/inouema/work/altera_max10/BeMicroMax10_full_feature_sw/software/max10_full_feature_bsp/\libhal_bsp.a(alt_exception_entry.o)
 *(.exceptions.exit.label)
 .exceptions.exit.label
                0x00000000011040a8        0x0 E:/home/inouema/work/altera_max10/BeMicroMax10_full_feature_sw/software/max10_full_feature_bsp/\libhal_bsp.a(alt_irq_entry.o)
 .exceptions.exit.label
                0x00000000011040a8        0x0 E:/home/inouema/work/altera_max10/BeMicroMax10_full_feature_sw/software/max10_full_feature_bsp/\libhal_bsp.a(alt_exception_entry.o)
 *(.exceptions.exit.user)
 *(.exceptions.exit)
 .exceptions.exit
                0x00000000011040a8       0x54 E:/home/inouema/work/altera_max10/BeMicroMax10_full_feature_sw/software/max10_full_feature_bsp/\libhal_bsp.a(alt_exception_entry.o)
 *(.exceptions)
 .exceptions    0x00000000011040fc       0x60 E:/home/inouema/work/altera_max10/BeMicroMax10_full_feature_sw/software/max10_full_feature_bsp/\libhal_bsp.a(alt_irq_handler.o)
                0x00000000011040fc                alt_irq_handler
 .exceptions    0x000000000110415c       0x24 E:/home/inouema/work/altera_max10/BeMicroMax10_full_feature_sw/software/max10_full_feature_bsp/\libhal_bsp.a(alt_instruction_exception_entry.o)
                0x000000000110415c                alt_instruction_exception_entry
                0x0000000001104180                PROVIDE (__ram_exceptions_end, ABSOLUTE (.))
                0x0000000000800000                PROVIDE (__flash_exceptions_start, LOADADDR (.exceptions))

.text           0x0000000000800160     0x10bc
                0x0000000000800160                PROVIDE (stext, ABSOLUTE (.))
 *(.interp)
 *(.hash)
 *(.dynsym)
 *(.dynstr)
 *(.gnu.version)
 *(.gnu.version_d)
 *(.gnu.version_r)
 *(.rel.init)
 *(.rela.init)
 *(.rel.text .rel.text.* .rel.gnu.linkonce.t.*)
 *(.rela.text .rela.text.* .rela.gnu.linkonce.t.*)
 *(.rel.fini)
 *(.rela.fini)
 *(.rel.rodata .rel.rodata.* .rel.gnu.linkonce.r.*)
 *(.rela.rodata .rela.rodata.* .rela.gnu.linkonce.r.*)
 *(.rel.data .rel.data.* .rel.gnu.linkonce.d.*)
 *(.rela.data .rela.data.* .rela.gnu.linkonce.d.*)
 *(.rel.tdata .rel.tdata.* .rel.gnu.linkonce.td.*)
 *(.rela.tdata .rela.tdata.* .rela.gnu.linkonce.td.*)
 *(.rel.tbss .rel.tbss.* .rel.gnu.linkonce.tb.*)
 *(.rela.tbss .rela.tbss.* .rela.gnu.linkonce.tb.*)
 *(.rel.ctors)
 *(.rela.ctors)
 *(.rel.dtors)
 *(.rela.dtors)
 *(.rel.got)
 *(.rela.got)
 *(.rel.sdata .rel.sdata.* .rel.gnu.linkonce.s.*)
 *(.rela.sdata .rela.sdata.* .rela.gnu.linkonce.s.*)
 *(.rel.sbss .rel.sbss.* .rel.gnu.linkonce.sb.*)
 *(.rela.sbss .rela.sbss.* .rela.gnu.linkonce.sb.*)
 *(.rel.sdata2 .rel.sdata2.* .rel.gnu.linkonce.s2.*)
 *(.rela.sdata2 .rela.sdata2.* .rela.gnu.linkonce.s2.*)
 *(.rel.sbss2 .rel.sbss2.* .rel.gnu.linkonce.sb2.*)
 *(.rela.sbss2 .rela.sbss2.* .rela.gnu.linkonce.sb2.*)
 *(.rel.bss .rel.bss.* .rel.gnu.linkonce.b.*)
 *(.rela.bss .rela.bss.* .rela.gnu.linkonce.b.*)
 *(.rel.plt)
 *(.rela.plt)
 *(.rel.dyn)
 *(.init)
 *(.plt)
 *(.text .stub .text.* .gnu.linkonce.t.*)
 .text          0x0000000000800160       0x3c E:/home/inouema/work/altera_max10/BeMicroMax10_full_feature_sw/software/max10_full_feature_bsp//obj/HAL/src/crt0.o
                0x0000000000800160                _start
 .text          0x000000000080019c        0x0 obj/default/hello_world_small.o
 .text.startup  0x000000000080019c       0x18 obj/default/hello_world_small.o
                0x000000000080019c                main
 .text          0x00000000008001b4       0xf8 E:/home/inouema/work/altera_max10/BeMicroMax10_full_feature_sw/software/max10_full_feature_bsp/\libhal_bsp.a(alt_load.o)
                0x00000000008001b4                alt_load
 .text          0x00000000008002ac       0x2c E:/home/inouema/work/altera_max10/BeMicroMax10_full_feature_sw/software/max10_full_feature_bsp/\libhal_bsp.a(alt_main.o)
                0x00000000008002ac                alt_main
 .text          0x00000000008002d8       0x38 E:/home/inouema/work/altera_max10/BeMicroMax10_full_feature_sw/software/max10_full_feature_bsp/\libhal_bsp.a(alt_putstr.o)
                0x00000000008002d8                alt_putstr
 .text          0x0000000000800310       0x50 E:/home/inouema/work/altera_max10/BeMicroMax10_full_feature_sw/software/max10_full_feature_bsp/\libhal_bsp.a(alt_sys_init.o)
                0x0000000000800310                alt_irq_init
                0x0000000000800330                alt_sys_init
 .text          0x0000000000800360       0x34 E:/home/inouema/work/altera_max10/BeMicroMax10_full_feature_sw/software/max10_full_feature_bsp/\libhal_bsp.a(altera_avalon_jtag_uart_write.o)
                0x0000000000800360                altera_avalon_jtag_uart_write
 .text          0x0000000000800394      0x264 E:/home/inouema/work/altera_max10/BeMicroMax10_full_feature_sw/software/max10_full_feature_bsp/\libhal_bsp.a(altera_modular_adc.o)
                0x0000000000800394                alt_adc_word_read
                0x00000000008003cc                altera_modular_adc_init
                0x0000000000800430                altera_modular_adc_open
                0x0000000000800438                adc_stop
                0x0000000000800458                adc_start
                0x0000000000800468                adc_set_mode_run_once
                0x0000000000800480                adc_set_mode_run_continuously
                0x0000000000800494                adc_recalibrate
                0x00000000008004e8                adc_interrupt_enable
                0x00000000008004fc                adc_interrupt_disable
                0x0000000000800514                adc_clear_interrupt_status
                0x0000000000800580                alt_adc_register_callback
                0x00000000008005d4                adc_interrupt_asserted
                0x00000000008005e4                adc_wait_for_interrupt
 .text          0x00000000008005f8      0x7a8 E:/home/inouema/work/altera_max10/BeMicroMax10_full_feature_sw/software/max10_full_feature_bsp/\libhal_bsp.a(altera_onchip_flash.o)
                0x00000000008005f8                alt_onchip_flash_read
                0x0000000000800664                alt_onchip_flash_get_info
                0x00000000008006a8                alt_onchip_flash_write
                0x0000000000800828                altera_onchip_flash_init
                0x0000000000800a60                alt_onchip_flash_poll_for_status_to_go_idle
                0x0000000000800a8c                alt_onchip_flash_poll_for_status_erase_passed
                0x0000000000800abc                alt_onchip_flash_erase_block
                0x0000000000800ba8                alt_onchip_flash_poll_for_status_write_passed
                0x0000000000800bd8                alt_onchip_flash_write_block
 .text          0x0000000000800da0        0x4 E:/home/inouema/work/altera_max10/BeMicroMax10_full_feature_sw/software/max10_full_feature_bsp/\libhal_bsp.a(alt_dcache_flush.o)
                0x0000000000800da0                alt_dcache_flush
 .text          0x0000000000800da4        0x4 E:/home/inouema/work/altera_max10/BeMicroMax10_full_feature_sw/software/max10_full_feature_bsp/\libhal_bsp.a(alt_dcache_flush_all.o)
                0x0000000000800da4                alt_dcache_flush_all
 .text          0x0000000000800da8       0x78 E:/home/inouema/work/altera_max10/BeMicroMax10_full_feature_sw/software/max10_full_feature_bsp/\libhal_bsp.a(alt_dev_llist_insert.o)
                0x0000000000800da8                alt_dev_llist_insert
 .text          0x0000000000800e20        0x0 E:/home/inouema/work/altera_max10/BeMicroMax10_full_feature_sw/software/max10_full_feature_bsp/\libhal_bsp.a(alt_errno.o)
 .text          0x0000000000800e20       0x74 E:/home/inouema/work/altera_max10/BeMicroMax10_full_feature_sw/software/max10_full_feature_bsp/\libhal_bsp.a(alt_find_dev.o)
                0x0000000000800e20                alt_find_dev
 .text          0x0000000000800e94       0x64 E:/home/inouema/work/altera_max10/BeMicroMax10_full_feature_sw/software/max10_full_feature_bsp/\libhal_bsp.a(alt_flash_dev.o)
                0x0000000000800e94                alt_flash_open_dev
                0x0000000000800ee4                alt_flash_close_dev
 .text          0x0000000000800ef8        0x4 E:/home/inouema/work/altera_max10/BeMicroMax10_full_feature_sw/software/max10_full_feature_bsp/\libhal_bsp.a(alt_icache_flush_all.o)
                0x0000000000800ef8                alt_icache_flush_all
 .text          0x0000000000800efc       0x9c E:/home/inouema/work/altera_max10/BeMicroMax10_full_feature_sw/software/max10_full_feature_bsp/\libhal_bsp.a(alt_iic.o)
                0x0000000000800efc                alt_ic_isr_register
                0x0000000000800f00                alt_ic_irq_enable
                0x0000000000800f40                alt_ic_irq_disable
                0x0000000000800f80                alt_ic_irq_enabled
 .text          0x0000000000800f98       0x68 E:/home/inouema/work/altera_max10/BeMicroMax10_full_feature_sw/software/max10_full_feature_bsp/\libhal_bsp.a(alt_iic_isr_register.o)
                0x0000000000800f98                alt_iic_isr_register
 .text          0x0000000000801000        0x0 E:/home/inouema/work/altera_max10/BeMicroMax10_full_feature_sw/software/max10_full_feature_bsp/\libhal_bsp.a(alt_irq_entry.o)
 .text          0x0000000000801000        0x0 E:/home/inouema/work/altera_max10/BeMicroMax10_full_feature_sw/software/max10_full_feature_bsp/\libhal_bsp.a(alt_irq_handler.o)
 .text          0x0000000000801000        0x0 E:/home/inouema/work/altera_max10/BeMicroMax10_full_feature_sw/software/max10_full_feature_bsp/\libhal_bsp.a(alt_irq_vars.o)
 .text          0x0000000000801000        0x8 E:/home/inouema/work/altera_max10/BeMicroMax10_full_feature_sw/software/max10_full_feature_bsp/\libhal_bsp.a(altera_nios2_gen2_irq.o)
                0x0000000000801000                altera_nios2_gen2_irq_init
 .text          0x0000000000801008        0x0 E:/home/inouema/work/altera_max10/BeMicroMax10_full_feature_sw/software/max10_full_feature_bsp/\libhal_bsp.a(alt_exception_entry.o)
 .text          0x0000000000801008       0x74 E:/home/inouema/work/altera_max10/BeMicroMax10_full_feature_sw/software/max10_full_feature_bsp/\libhal_bsp.a(alt_instruction_exception_entry.o)
                0x0000000000801008                alt_exception_cause_generated_bad_addr
 .text          0x000000000080107c        0x0 c:/altera/15.0/nios2eds/bin/gnu/h-x86_64-mingw32/bin/../lib/gcc/nios2-elf/4.9.1/../../../../../H-x86_64-mingw32/nios2-elf/lib/mno-hw-mul\libsmallc.a(lib_a-int_errno.o)
 .text          0x000000000080107c       0x30 c:/altera/15.0/nios2eds/bin/gnu/h-x86_64-mingw32/bin/../lib/gcc/nios2-elf/4.9.1/../../../../../H-x86_64-mingw32/nios2-elf/lib/mno-hw-mul\libsmallc.a(lib_a-memcmp.o)
                0x000000000080107c                memcmp
 .text          0x00000000008010ac       0x28 c:/altera/15.0/nios2eds/bin/gnu/h-x86_64-mingw32/bin/../lib/gcc/nios2-elf/4.9.1/../../../../../H-x86_64-mingw32/nios2-elf/lib/mno-hw-mul\libsmallc.a(lib_a-memcpy.o)
                0x00000000008010ac                memcpy
 .text          0x00000000008010d4       0x1c c:/altera/15.0/nios2eds/bin/gnu/h-x86_64-mingw32/bin/../lib/gcc/nios2-elf/4.9.1/../../../../../H-x86_64-mingw32/nios2-elf/lib/mno-hw-mul\libsmallc.a(lib_a-strlen.o)
                0x00000000008010d4                strlen
 .text          0x00000000008010f0      0x12c c:/altera/15.0/nios2eds/bin/gnu/h-x86_64-mingw32/bin/../lib/gcc/nios2-elf/4.9.1/mno-hw-mul\libgcc.a(lib2-divmod.o)
                0x000000000080115c                __divsi3
                0x00000000008011b0                __modsi3
                0x000000000080120c                __udivsi3
                0x0000000000801214                __umodsi3
 *(.gnu.warning.*)
 *(.fini)
                0x000000000080121c                PROVIDE (__etext, ABSOLUTE (.))
                0x000000000080121c                PROVIDE (_etext, ABSOLUTE (.))
                0x000000000080121c                PROVIDE (etext, ABSOLUTE (.))
 *(.eh_frame_hdr)
                0x000000000080121c                . = ALIGN (0x4)
                0x000000000080121c                PROVIDE (__preinit_array_start, ABSOLUTE (.))
 *(.preinit_array)
                0x000000000080121c                PROVIDE (__preinit_array_end, ABSOLUTE (.))
                0x000000000080121c                PROVIDE (__init_array_start, ABSOLUTE (.))
 *(.init_array)
                0x000000000080121c                PROVIDE (__init_array_end, ABSOLUTE (.))
                0x000000000080121c                PROVIDE (__fini_array_start, ABSOLUTE (.))
 *(.fini_array)
                0x000000000080121c                PROVIDE (__fini_array_end, ABSOLUTE (.))
 *(.eh_frame)
 *(.gcc_except_table .gcc_except_table.*)
 *(.dynamic)
                0x000000000080121c                PROVIDE (__CTOR_LIST__, ABSOLUTE (.))
 *(.ctors)
 *(SORT(.ctors.*))
                0x000000000080121c                PROVIDE (__CTOR_END__, ABSOLUTE (.))
                0x000000000080121c                PROVIDE (__DTOR_LIST__, ABSOLUTE (.))
 *(.dtors)
 *(SORT(.dtors.*))
                0x000000000080121c                PROVIDE (__DTOR_END__, ABSOLUTE (.))
 *(.jcr)
                0x000000000080121c                . = ALIGN (0x4)

.rodata         0x000000000080121c       0x4c
                0x000000000080121c                PROVIDE (__ram_rodata_start, ABSOLUTE (.))
                0x000000000080121c                . = ALIGN (0x4)
 *(.rodata .rodata.* .gnu.linkonce.r.*)
 .rodata.str1.4
                0x000000000080121c       0x15 obj/default/hello_world_small.o
                                         0x18 (size before relaxing)
 *fill*         0x0000000000801231        0x3 
 .rodata.str1.4
                0x0000000000801234       0x34 E:/home/inouema/work/altera_max10/BeMicroMax10_full_feature_sw/software/max10_full_feature_bsp/\libhal_bsp.a(alt_sys_init.o)
 *(.rodata1)
                0x0000000000801268                . = ALIGN (0x4)
                0x0000000000801268                PROVIDE (__ram_rodata_end, ABSOLUTE (.))
                0x000000000080121c                PROVIDE (__flash_rodata_start, LOADADDR (.rodata))

.rwdata         0x0000000000801268      0x160 load address 0x00000000008013c8
                0x0000000000801268                PROVIDE (__ram_rwdata_start, ABSOLUTE (.))
                0x0000000000801268                . = ALIGN (0x4)
 *(.got.plt)
 *(.got)
 *(.data1)
 *(.data .data.* .gnu.linkonce.d.*)
 .data          0x0000000000801268        0x0 E:/home/inouema/work/altera_max10/BeMicroMax10_full_feature_sw/software/max10_full_feature_bsp//obj/HAL/src/crt0.o
 .data          0x0000000000801268        0x0 obj/default/hello_world_small.o
 .data          0x0000000000801268        0x0 E:/home/inouema/work/altera_max10/BeMicroMax10_full_feature_sw/software/max10_full_feature_bsp/\libhal_bsp.a(alt_load.o)
 .data          0x0000000000801268        0x0 E:/home/inouema/work/altera_max10/BeMicroMax10_full_feature_sw/software/max10_full_feature_bsp/\libhal_bsp.a(alt_main.o)
 .data          0x0000000000801268        0x0 E:/home/inouema/work/altera_max10/BeMicroMax10_full_feature_sw/software/max10_full_feature_bsp/\libhal_bsp.a(alt_putstr.o)
 .data          0x0000000000801268      0x13c E:/home/inouema/work/altera_max10/BeMicroMax10_full_feature_sw/software/max10_full_feature_bsp/\libhal_bsp.a(alt_sys_init.o)
 .data          0x00000000008013a4        0x0 E:/home/inouema/work/altera_max10/BeMicroMax10_full_feature_sw/software/max10_full_feature_bsp/\libhal_bsp.a(altera_avalon_jtag_uart_write.o)
 .data          0x00000000008013a4        0x0 E:/home/inouema/work/altera_max10/BeMicroMax10_full_feature_sw/software/max10_full_feature_bsp/\libhal_bsp.a(altera_modular_adc.o)
 .data          0x00000000008013a4        0x0 E:/home/inouema/work/altera_max10/BeMicroMax10_full_feature_sw/software/max10_full_feature_bsp/\libhal_bsp.a(altera_onchip_flash.o)
 .data          0x00000000008013a4        0x0 E:/home/inouema/work/altera_max10/BeMicroMax10_full_feature_sw/software/max10_full_feature_bsp/\libhal_bsp.a(alt_dcache_flush.o)
 .data          0x00000000008013a4        0x0 E:/home/inouema/work/altera_max10/BeMicroMax10_full_feature_sw/software/max10_full_feature_bsp/\libhal_bsp.a(alt_dcache_flush_all.o)
 .data          0x00000000008013a4        0x0 E:/home/inouema/work/altera_max10/BeMicroMax10_full_feature_sw/software/max10_full_feature_bsp/\libhal_bsp.a(alt_dev_llist_insert.o)
 .data          0x00000000008013a4        0x0 E:/home/inouema/work/altera_max10/BeMicroMax10_full_feature_sw/software/max10_full_feature_bsp/\libhal_bsp.a(alt_errno.o)
 .data          0x00000000008013a4        0x0 E:/home/inouema/work/altera_max10/BeMicroMax10_full_feature_sw/software/max10_full_feature_bsp/\libhal_bsp.a(alt_find_dev.o)
 .data          0x00000000008013a4        0x0 E:/home/inouema/work/altera_max10/BeMicroMax10_full_feature_sw/software/max10_full_feature_bsp/\libhal_bsp.a(alt_flash_dev.o)
 .data          0x00000000008013a4        0x0 E:/home/inouema/work/altera_max10/BeMicroMax10_full_feature_sw/software/max10_full_feature_bsp/\libhal_bsp.a(alt_icache_flush_all.o)
 .data          0x00000000008013a4        0x0 E:/home/inouema/work/altera_max10/BeMicroMax10_full_feature_sw/software/max10_full_feature_bsp/\libhal_bsp.a(alt_iic.o)
 .data          0x00000000008013a4        0x0 E:/home/inouema/work/altera_max10/BeMicroMax10_full_feature_sw/software/max10_full_feature_bsp/\libhal_bsp.a(alt_iic_isr_register.o)
 .data          0x00000000008013a4        0x0 E:/home/inouema/work/altera_max10/BeMicroMax10_full_feature_sw/software/max10_full_feature_bsp/\libhal_bsp.a(alt_irq_entry.o)
 .data          0x00000000008013a4        0x0 E:/home/inouema/work/altera_max10/BeMicroMax10_full_feature_sw/software/max10_full_feature_bsp/\libhal_bsp.a(alt_irq_handler.o)
 .data          0x00000000008013a4        0x0 E:/home/inouema/work/altera_max10/BeMicroMax10_full_feature_sw/software/max10_full_feature_bsp/\libhal_bsp.a(alt_irq_vars.o)
 .data          0x00000000008013a4        0x0 E:/home/inouema/work/altera_max10/BeMicroMax10_full_feature_sw/software/max10_full_feature_bsp/\libhal_bsp.a(altera_nios2_gen2_irq.o)
 .data          0x00000000008013a4        0x0 E:/home/inouema/work/altera_max10/BeMicroMax10_full_feature_sw/software/max10_full_feature_bsp/\libhal_bsp.a(alt_exception_entry.o)
 .data          0x00000000008013a4        0x0 E:/home/inouema/work/altera_max10/BeMicroMax10_full_feature_sw/software/max10_full_feature_bsp/\libhal_bsp.a(alt_instruction_exception_entry.o)
 .data          0x00000000008013a4        0x0 c:/altera/15.0/nios2eds/bin/gnu/h-x86_64-mingw32/bin/../lib/gcc/nios2-elf/4.9.1/../../../../../H-x86_64-mingw32/nios2-elf/lib/mno-hw-mul\libsmallc.a(lib_a-int_errno.o)
 .data          0x00000000008013a4        0x0 c:/altera/15.0/nios2eds/bin/gnu/h-x86_64-mingw32/bin/../lib/gcc/nios2-elf/4.9.1/../../../../../H-x86_64-mingw32/nios2-elf/lib/mno-hw-mul\libsmallc.a(lib_a-memcmp.o)
 .data          0x00000000008013a4        0x0 c:/altera/15.0/nios2eds/bin/gnu/h-x86_64-mingw32/bin/../lib/gcc/nios2-elf/4.9.1/../../../../../H-x86_64-mingw32/nios2-elf/lib/mno-hw-mul\libsmallc.a(lib_a-memcpy.o)
 .data          0x00000000008013a4        0x0 c:/altera/15.0/nios2eds/bin/gnu/h-x86_64-mingw32/bin/../lib/gcc/nios2-elf/4.9.1/../../../../../H-x86_64-mingw32/nios2-elf/lib/mno-hw-mul\libsmallc.a(lib_a-strlen.o)
 .data          0x00000000008013a4        0x0 c:/altera/15.0/nios2eds/bin/gnu/h-x86_64-mingw32/bin/../lib/gcc/nios2-elf/4.9.1/mno-hw-mul\libgcc.a(lib2-divmod.o)
                0x00000000008093a4                _gp = ABSOLUTE ((. + 0x8000))
                0x00000000008093a4                PROVIDE (gp, _gp)
 *(.rwdata .rwdata.*)
 *(.sdata .sdata.* .gnu.linkonce.s.*)
 .sdata         0x00000000008013a4        0x4 E:/home/inouema/work/altera_max10/BeMicroMax10_full_feature_sw/software/max10_full_feature_bsp/\libhal_bsp.a(alt_sys_init.o)
                0x00000000008013a4                jtag_uart_0
 .sdata         0x00000000008013a8        0x8 E:/home/inouema/work/altera_max10/BeMicroMax10_full_feature_sw/software/max10_full_feature_bsp/\libhal_bsp.a(altera_modular_adc.o)
                0x00000000008013a8                altera_modular_adc_list
 .sdata         0x00000000008013b0        0x8 E:/home/inouema/work/altera_max10/BeMicroMax10_full_feature_sw/software/max10_full_feature_bsp/\libhal_bsp.a(altera_onchip_flash.o)
                0x00000000008013b0                altera_onchip_flash_list
 .sdata         0x00000000008013b8        0x4 E:/home/inouema/work/altera_max10/BeMicroMax10_full_feature_sw/software/max10_full_feature_bsp/\libhal_bsp.a(alt_errno.o)
                0x00000000008013b8                alt_errno
 .sdata         0x00000000008013bc        0x8 E:/home/inouema/work/altera_max10/BeMicroMax10_full_feature_sw/software/max10_full_feature_bsp/\libhal_bsp.a(alt_flash_dev.o)
                0x00000000008013bc                alt_flash_dev_list
 .sdata         0x00000000008013c4        0x4 E:/home/inouema/work/altera_max10/BeMicroMax10_full_feature_sw/software/max10_full_feature_bsp/\libhal_bsp.a(alt_irq_vars.o)
                0x00000000008013c4                alt_priority_mask
 *(.sdata2 .sdata2.* .gnu.linkonce.s2.*)
                0x00000000008013c8                . = ALIGN (0x4)
                0x00000000008013c8                _edata = ABSOLUTE (.)
                0x00000000008013c8                PROVIDE (edata, ABSOLUTE (.))
                0x00000000008013c8                PROVIDE (__ram_rwdata_end, ABSOLUTE (.))
                0x00000000008013c8                PROVIDE (__flash_rwdata_start, LOADADDR (.rwdata))

.bss            0x0000000000801528      0x118
                0x0000000000801528                __bss_start = ABSOLUTE (.)
                0x0000000000801528                PROVIDE (__sbss_start, ABSOLUTE (.))
                0x0000000000801528                PROVIDE (___sbss_start, ABSOLUTE (.))
 *(.dynsbss)
 *(.sbss .sbss.* .gnu.linkonce.sb.*)
 .sbss          0x0000000000801528        0xc E:/home/inouema/work/altera_max10/BeMicroMax10_full_feature_sw/software/max10_full_feature_bsp/\libhal_bsp.a(alt_main.o)
                0x0000000000801528                alt_envp
                0x000000000080152c                alt_argv
                0x0000000000801530                alt_argc
 .sbss          0x0000000000801534        0x4 E:/home/inouema/work/altera_max10/BeMicroMax10_full_feature_sw/software/max10_full_feature_bsp/\libhal_bsp.a(alt_irq_vars.o)
                0x0000000000801534                alt_irq_active
 .sbss          0x0000000000801538        0x4 E:/home/inouema/work/altera_max10/BeMicroMax10_full_feature_sw/software/max10_full_feature_bsp/\libhal_bsp.a(alt_instruction_exception_entry.o)
                0x0000000000801538                alt_instruction_exception_handler
 .sbss          0x000000000080153c        0x4 c:/altera/15.0/nios2eds/bin/gnu/h-x86_64-mingw32/bin/../lib/gcc/nios2-elf/4.9.1/../../../../../H-x86_64-mingw32/nios2-elf/lib/mno-hw-mul\libsmallc.a(lib_a-int_errno.o)
                0x000000000080153c                errno
 *(.sbss2 .sbss2.* .gnu.linkonce.sb2.*)
 *(.scommon)
                0x0000000000801540                PROVIDE (__sbss_end, ABSOLUTE (.))
                0x0000000000801540                PROVIDE (___sbss_end, ABSOLUTE (.))
 *(.dynbss)
 *(.bss .bss.* .gnu.linkonce.b.*)
 .bss           0x0000000000801540        0x0 E:/home/inouema/work/altera_max10/BeMicroMax10_full_feature_sw/software/max10_full_feature_bsp//obj/HAL/src/crt0.o
 .bss           0x0000000000801540        0x0 obj/default/hello_world_small.o
 .bss           0x0000000000801540        0x0 E:/home/inouema/work/altera_max10/BeMicroMax10_full_feature_sw/software/max10_full_feature_bsp/\libhal_bsp.a(alt_load.o)
 .bss           0x0000000000801540        0x0 E:/home/inouema/work/altera_max10/BeMicroMax10_full_feature_sw/software/max10_full_feature_bsp/\libhal_bsp.a(alt_main.o)
 .bss           0x0000000000801540        0x0 E:/home/inouema/work/altera_max10/BeMicroMax10_full_feature_sw/software/max10_full_feature_bsp/\libhal_bsp.a(alt_putstr.o)
 .bss           0x0000000000801540        0x0 E:/home/inouema/work/altera_max10/BeMicroMax10_full_feature_sw/software/max10_full_feature_bsp/\libhal_bsp.a(alt_sys_init.o)
 .bss           0x0000000000801540        0x0 E:/home/inouema/work/altera_max10/BeMicroMax10_full_feature_sw/software/max10_full_feature_bsp/\libhal_bsp.a(altera_avalon_jtag_uart_write.o)
 .bss           0x0000000000801540        0x0 E:/home/inouema/work/altera_max10/BeMicroMax10_full_feature_sw/software/max10_full_feature_bsp/\libhal_bsp.a(altera_modular_adc.o)
 .bss           0x0000000000801540        0x0 E:/home/inouema/work/altera_max10/BeMicroMax10_full_feature_sw/software/max10_full_feature_bsp/\libhal_bsp.a(altera_onchip_flash.o)
 .bss           0x0000000000801540        0x0 E:/home/inouema/work/altera_max10/BeMicroMax10_full_feature_sw/software/max10_full_feature_bsp/\libhal_bsp.a(alt_dcache_flush.o)
 .bss           0x0000000000801540        0x0 E:/home/inouema/work/altera_max10/BeMicroMax10_full_feature_sw/software/max10_full_feature_bsp/\libhal_bsp.a(alt_dcache_flush_all.o)
 .bss           0x0000000000801540        0x0 E:/home/inouema/work/altera_max10/BeMicroMax10_full_feature_sw/software/max10_full_feature_bsp/\libhal_bsp.a(alt_dev_llist_insert.o)
 .bss           0x0000000000801540        0x0 E:/home/inouema/work/altera_max10/BeMicroMax10_full_feature_sw/software/max10_full_feature_bsp/\libhal_bsp.a(alt_errno.o)
 .bss           0x0000000000801540        0x0 E:/home/inouema/work/altera_max10/BeMicroMax10_full_feature_sw/software/max10_full_feature_bsp/\libhal_bsp.a(alt_find_dev.o)
 .bss           0x0000000000801540        0x0 E:/home/inouema/work/altera_max10/BeMicroMax10_full_feature_sw/software/max10_full_feature_bsp/\libhal_bsp.a(alt_flash_dev.o)
 .bss           0x0000000000801540        0x0 E:/home/inouema/work/altera_max10/BeMicroMax10_full_feature_sw/software/max10_full_feature_bsp/\libhal_bsp.a(alt_icache_flush_all.o)
 .bss           0x0000000000801540        0x0 E:/home/inouema/work/altera_max10/BeMicroMax10_full_feature_sw/software/max10_full_feature_bsp/\libhal_bsp.a(alt_iic.o)
 .bss           0x0000000000801540        0x0 E:/home/inouema/work/altera_max10/BeMicroMax10_full_feature_sw/software/max10_full_feature_bsp/\libhal_bsp.a(alt_iic_isr_register.o)
 .bss           0x0000000000801540        0x0 E:/home/inouema/work/altera_max10/BeMicroMax10_full_feature_sw/software/max10_full_feature_bsp/\libhal_bsp.a(alt_irq_entry.o)
 .bss           0x0000000000801540        0x0 E:/home/inouema/work/altera_max10/BeMicroMax10_full_feature_sw/software/max10_full_feature_bsp/\libhal_bsp.a(alt_irq_handler.o)
 .bss           0x0000000000801540        0x0 E:/home/inouema/work/altera_max10/BeMicroMax10_full_feature_sw/software/max10_full_feature_bsp/\libhal_bsp.a(alt_irq_vars.o)
 .bss           0x0000000000801540        0x0 E:/home/inouema/work/altera_max10/BeMicroMax10_full_feature_sw/software/max10_full_feature_bsp/\libhal_bsp.a(altera_nios2_gen2_irq.o)
 .bss           0x0000000000801540        0x0 E:/home/inouema/work/altera_max10/BeMicroMax10_full_feature_sw/software/max10_full_feature_bsp/\libhal_bsp.a(alt_exception_entry.o)
 .bss           0x0000000000801540        0x0 E:/home/inouema/work/altera_max10/BeMicroMax10_full_feature_sw/software/max10_full_feature_bsp/\libhal_bsp.a(alt_instruction_exception_entry.o)
 .bss           0x0000000000801540        0x0 c:/altera/15.0/nios2eds/bin/gnu/h-x86_64-mingw32/bin/../lib/gcc/nios2-elf/4.9.1/../../../../../H-x86_64-mingw32/nios2-elf/lib/mno-hw-mul\libsmallc.a(lib_a-int_errno.o)
 .bss           0x0000000000801540        0x0 c:/altera/15.0/nios2eds/bin/gnu/h-x86_64-mingw32/bin/../lib/gcc/nios2-elf/4.9.1/../../../../../H-x86_64-mingw32/nios2-elf/lib/mno-hw-mul\libsmallc.a(lib_a-memcmp.o)
 .bss           0x0000000000801540        0x0 c:/altera/15.0/nios2eds/bin/gnu/h-x86_64-mingw32/bin/../lib/gcc/nios2-elf/4.9.1/../../../../../H-x86_64-mingw32/nios2-elf/lib/mno-hw-mul\libsmallc.a(lib_a-memcpy.o)
 .bss           0x0000000000801540        0x0 c:/altera/15.0/nios2eds/bin/gnu/h-x86_64-mingw32/bin/../lib/gcc/nios2-elf/4.9.1/../../../../../H-x86_64-mingw32/nios2-elf/lib/mno-hw-mul\libsmallc.a(lib_a-strlen.o)
 .bss           0x0000000000801540        0x0 c:/altera/15.0/nios2eds/bin/gnu/h-x86_64-mingw32/bin/../lib/gcc/nios2-elf/4.9.1/mno-hw-mul\libgcc.a(lib2-divmod.o)
 *(COMMON)
 COMMON         0x0000000000801540      0x100 E:/home/inouema/work/altera_max10/BeMicroMax10_full_feature_sw/software/max10_full_feature_bsp/\libhal_bsp.a(alt_irq_handler.o)
                0x0000000000801540                alt_irq
                0x0000000000801640                . = ALIGN (0x4)
                0x0000000000801640                __bss_end = ABSOLUTE (.)

.sdram          0x0000000000801640        0x0
                0x0000000000801640                PROVIDE (_alt_partition_sdram_start, ABSOLUTE (.))
 *(.sdram .sdram. sdram.*)
                0x0000000000801640                . = ALIGN (0x4)
                0x0000000000801640                PROVIDE (_alt_partition_sdram_end, ABSOLUTE (.))
                0x0000000000801640                _end = ABSOLUTE (.)
                0x0000000000801640                end = ABSOLUTE (.)
                0x0000000000801640                __alt_stack_base = ABSOLUTE (.)
                0x0000000000801640                PROVIDE (_alt_partition_sdram_load_addr, LOADADDR (.sdram))

.ufm_flash_data
                0x0000000001080000        0x0 load address 0x0000000000801640
                0x0000000001080000                PROVIDE (_alt_partition_ufm_flash_data_start, ABSOLUTE (.))
 *(.ufm_flash_data .ufm_flash_data. ufm_flash_data.*)
                0x0000000001080000                . = ALIGN (0x4)
                0x0000000001080000                PROVIDE (_alt_partition_ufm_flash_data_end, ABSOLUTE (.))
                0x0000000000801640                PROVIDE (_alt_partition_ufm_flash_data_load_addr, LOADADDR (.ufm_flash_data))

.cpu_ram        0x0000000001104180        0x0 load address 0x0000000000801640
                0x0000000001104180                PROVIDE (_alt_partition_cpu_ram_start, ABSOLUTE (.))
 *(.cpu_ram .cpu_ram. cpu_ram.*)
                0x0000000001104180                . = ALIGN (0x4)
                0x0000000001104180                PROVIDE (_alt_partition_cpu_ram_end, ABSOLUTE (.))
                0x0000000000801640                PROVIDE (_alt_partition_cpu_ram_load_addr, LOADADDR (.cpu_ram))

.BeMicro_Max10_serial_flash_controller_0
                0x0000000001109000        0x0 load address 0x0000000000801640
                0x0000000001109000                PROVIDE (_alt_partition_BeMicro_Max10_serial_flash_controller_0_start, ABSOLUTE (.))
 *(.BeMicro_Max10_serial_flash_controller_0 .BeMicro_Max10_serial_flash_controller_0. BeMicro_Max10_serial_flash_controller_0.*)
                0x0000000001109000                . = ALIGN (0x4)
                0x0000000001109000                PROVIDE (_alt_partition_BeMicro_Max10_serial_flash_controller_0_end, ABSOLUTE (.))
                0x0000000000801640                PROVIDE (_alt_partition_BeMicro_Max10_serial_flash_controller_0_load_addr, LOADADDR (.BeMicro_Max10_serial_flash_controller_0))

.stab
 *(.stab)

.stabstr
 *(.stabstr)

.stab.excl
 *(.stab.excl)

.stab.exclstr
 *(.stab.exclstr)

.stab.index
 *(.stab.index)

.stab.indexstr
 *(.stab.indexstr)

.comment        0x0000000000000000       0x23
 *(.comment)
 .comment       0x0000000000000000       0x23 obj/default/hello_world_small.o
                                         0x24 (size before relaxing)
 .comment       0x0000000000000000       0x24 E:/home/inouema/work/altera_max10/BeMicroMax10_full_feature_sw/software/max10_full_feature_bsp/\libhal_bsp.a(alt_load.o)
 .comment       0x0000000000000000       0x24 E:/home/inouema/work/altera_max10/BeMicroMax10_full_feature_sw/software/max10_full_feature_bsp/\libhal_bsp.a(alt_main.o)
 .comment       0x0000000000000000       0x24 E:/home/inouema/work/altera_max10/BeMicroMax10_full_feature_sw/software/max10_full_feature_bsp/\libhal_bsp.a(alt_putstr.o)
 .comment       0x0000000000000000       0x24 E:/home/inouema/work/altera_max10/BeMicroMax10_full_feature_sw/software/max10_full_feature_bsp/\libhal_bsp.a(alt_sys_init.o)
 .comment       0x0000000000000000       0x24 E:/home/inouema/work/altera_max10/BeMicroMax10_full_feature_sw/software/max10_full_feature_bsp/\libhal_bsp.a(altera_avalon_jtag_uart_write.o)
 .comment       0x0000000000000000       0x24 E:/home/inouema/work/altera_max10/BeMicroMax10_full_feature_sw/software/max10_full_feature_bsp/\libhal_bsp.a(altera_modular_adc.o)
 .comment       0x0000000000000000       0x24 E:/home/inouema/work/altera_max10/BeMicroMax10_full_feature_sw/software/max10_full_feature_bsp/\libhal_bsp.a(altera_onchip_flash.o)
 .comment       0x0000000000000000       0x24 E:/home/inouema/work/altera_max10/BeMicroMax10_full_feature_sw/software/max10_full_feature_bsp/\libhal_bsp.a(alt_dcache_flush.o)
 .comment       0x0000000000000000       0x24 E:/home/inouema/work/altera_max10/BeMicroMax10_full_feature_sw/software/max10_full_feature_bsp/\libhal_bsp.a(alt_dcache_flush_all.o)
 .comment       0x0000000000000000       0x24 E:/home/inouema/work/altera_max10/BeMicroMax10_full_feature_sw/software/max10_full_feature_bsp/\libhal_bsp.a(alt_dev_llist_insert.o)
 .comment       0x0000000000000000       0x24 E:/home/inouema/work/altera_max10/BeMicroMax10_full_feature_sw/software/max10_full_feature_bsp/\libhal_bsp.a(alt_errno.o)
 .comment       0x0000000000000000       0x24 E:/home/inouema/work/altera_max10/BeMicroMax10_full_feature_sw/software/max10_full_feature_bsp/\libhal_bsp.a(alt_find_dev.o)
 .comment       0x0000000000000000       0x24 E:/home/inouema/work/altera_max10/BeMicroMax10_full_feature_sw/software/max10_full_feature_bsp/\libhal_bsp.a(alt_flash_dev.o)
 .comment       0x0000000000000000       0x24 E:/home/inouema/work/altera_max10/BeMicroMax10_full_feature_sw/software/max10_full_feature_bsp/\libhal_bsp.a(alt_icache_flush_all.o)
 .comment       0x0000000000000000       0x24 E:/home/inouema/work/altera_max10/BeMicroMax10_full_feature_sw/software/max10_full_feature_bsp/\libhal_bsp.a(alt_iic.o)
 .comment       0x0000000000000000       0x24 E:/home/inouema/work/altera_max10/BeMicroMax10_full_feature_sw/software/max10_full_feature_bsp/\libhal_bsp.a(alt_iic_isr_register.o)
 .comment       0x0000000000000000       0x24 E:/home/inouema/work/altera_max10/BeMicroMax10_full_feature_sw/software/max10_full_feature_bsp/\libhal_bsp.a(alt_irq_handler.o)
 .comment       0x0000000000000000       0x24 E:/home/inouema/work/altera_max10/BeMicroMax10_full_feature_sw/software/max10_full_feature_bsp/\libhal_bsp.a(alt_irq_vars.o)
 .comment       0x0000000000000000       0x24 E:/home/inouema/work/altera_max10/BeMicroMax10_full_feature_sw/software/max10_full_feature_bsp/\libhal_bsp.a(altera_nios2_gen2_irq.o)
 .comment       0x0000000000000000       0x24 E:/home/inouema/work/altera_max10/BeMicroMax10_full_feature_sw/software/max10_full_feature_bsp/\libhal_bsp.a(alt_instruction_exception_entry.o)
 .comment       0x0000000000000000       0x24 c:/altera/15.0/nios2eds/bin/gnu/h-x86_64-mingw32/bin/../lib/gcc/nios2-elf/4.9.1/../../../../../H-x86_64-mingw32/nios2-elf/lib/mno-hw-mul\libsmallc.a(lib_a-int_errno.o)
 .comment       0x0000000000000000       0x24 c:/altera/15.0/nios2eds/bin/gnu/h-x86_64-mingw32/bin/../lib/gcc/nios2-elf/4.9.1/../../../../../H-x86_64-mingw32/nios2-elf/lib/mno-hw-mul\libsmallc.a(lib_a-memcmp.o)
 .comment       0x0000000000000000       0x24 c:/altera/15.0/nios2eds/bin/gnu/h-x86_64-mingw32/bin/../lib/gcc/nios2-elf/4.9.1/../../../../../H-x86_64-mingw32/nios2-elf/lib/mno-hw-mul\libsmallc.a(lib_a-memcpy.o)
 .comment       0x0000000000000000       0x24 c:/altera/15.0/nios2eds/bin/gnu/h-x86_64-mingw32/bin/../lib/gcc/nios2-elf/4.9.1/../../../../../H-x86_64-mingw32/nios2-elf/lib/mno-hw-mul\libsmallc.a(lib_a-strlen.o)
 .comment       0x0000000000000000       0x24 c:/altera/15.0/nios2eds/bin/gnu/h-x86_64-mingw32/bin/../lib/gcc/nios2-elf/4.9.1/mno-hw-mul\libgcc.a(lib2-divmod.o)

.debug
 *(.debug)

.line
 *(.line)

.debug_srcinfo
 *(.debug_srcinfo)

.debug_sfnames
 *(.debug_sfnames)

.debug_aranges  0x0000000000000000      0x3c0
 *(.debug_aranges)
 .debug_aranges
                0x0000000000000000       0x28 E:/home/inouema/work/altera_max10/BeMicroMax10_full_feature_sw/software/max10_full_feature_bsp//obj/HAL/src/crt0.o
 .debug_aranges
                0x0000000000000028       0x20 obj/default/hello_world_small.o
 .debug_aranges
                0x0000000000000048       0x20 E:/home/inouema/work/altera_max10/BeMicroMax10_full_feature_sw/software/max10_full_feature_bsp/\libhal_bsp.a(alt_load.o)
 .debug_aranges
                0x0000000000000068       0x20 E:/home/inouema/work/altera_max10/BeMicroMax10_full_feature_sw/software/max10_full_feature_bsp/\libhal_bsp.a(alt_main.o)
 .debug_aranges
                0x0000000000000088       0x20 E:/home/inouema/work/altera_max10/BeMicroMax10_full_feature_sw/software/max10_full_feature_bsp/\libhal_bsp.a(alt_putstr.o)
 .debug_aranges
                0x00000000000000a8       0x20 E:/home/inouema/work/altera_max10/BeMicroMax10_full_feature_sw/software/max10_full_feature_bsp/\libhal_bsp.a(alt_sys_init.o)
 .debug_aranges
                0x00000000000000c8       0x20 E:/home/inouema/work/altera_max10/BeMicroMax10_full_feature_sw/software/max10_full_feature_bsp/\libhal_bsp.a(altera_avalon_jtag_uart_write.o)
 .debug_aranges
                0x00000000000000e8       0x20 E:/home/inouema/work/altera_max10/BeMicroMax10_full_feature_sw/software/max10_full_feature_bsp/\libhal_bsp.a(altera_modular_adc.o)
 .debug_aranges
                0x0000000000000108       0x20 E:/home/inouema/work/altera_max10/BeMicroMax10_full_feature_sw/software/max10_full_feature_bsp/\libhal_bsp.a(altera_onchip_flash.o)
 .debug_aranges
                0x0000000000000128       0x20 E:/home/inouema/work/altera_max10/BeMicroMax10_full_feature_sw/software/max10_full_feature_bsp/\libhal_bsp.a(alt_dcache_flush.o)
 .debug_aranges
                0x0000000000000148       0x20 E:/home/inouema/work/altera_max10/BeMicroMax10_full_feature_sw/software/max10_full_feature_bsp/\libhal_bsp.a(alt_dcache_flush_all.o)
 .debug_aranges
                0x0000000000000168       0x20 E:/home/inouema/work/altera_max10/BeMicroMax10_full_feature_sw/software/max10_full_feature_bsp/\libhal_bsp.a(alt_dev_llist_insert.o)
 .debug_aranges
                0x0000000000000188       0x18 E:/home/inouema/work/altera_max10/BeMicroMax10_full_feature_sw/software/max10_full_feature_bsp/\libhal_bsp.a(alt_errno.o)
 .debug_aranges
                0x00000000000001a0       0x20 E:/home/inouema/work/altera_max10/BeMicroMax10_full_feature_sw/software/max10_full_feature_bsp/\libhal_bsp.a(alt_find_dev.o)
 .debug_aranges
                0x00000000000001c0       0x20 E:/home/inouema/work/altera_max10/BeMicroMax10_full_feature_sw/software/max10_full_feature_bsp/\libhal_bsp.a(alt_flash_dev.o)
 .debug_aranges
                0x00000000000001e0       0x20 E:/home/inouema/work/altera_max10/BeMicroMax10_full_feature_sw/software/max10_full_feature_bsp/\libhal_bsp.a(alt_icache_flush_all.o)
 .debug_aranges
                0x0000000000000200       0x20 E:/home/inouema/work/altera_max10/BeMicroMax10_full_feature_sw/software/max10_full_feature_bsp/\libhal_bsp.a(alt_iic.o)
 .debug_aranges
                0x0000000000000220       0x20 E:/home/inouema/work/altera_max10/BeMicroMax10_full_feature_sw/software/max10_full_feature_bsp/\libhal_bsp.a(alt_iic_isr_register.o)
 .debug_aranges
                0x0000000000000240       0x30 E:/home/inouema/work/altera_max10/BeMicroMax10_full_feature_sw/software/max10_full_feature_bsp/\libhal_bsp.a(alt_irq_entry.o)
 .debug_aranges
                0x0000000000000270       0x20 E:/home/inouema/work/altera_max10/BeMicroMax10_full_feature_sw/software/max10_full_feature_bsp/\libhal_bsp.a(alt_irq_handler.o)
 .debug_aranges
                0x0000000000000290       0x18 E:/home/inouema/work/altera_max10/BeMicroMax10_full_feature_sw/software/max10_full_feature_bsp/\libhal_bsp.a(alt_irq_vars.o)
 .debug_aranges
                0x00000000000002a8       0x20 E:/home/inouema/work/altera_max10/BeMicroMax10_full_feature_sw/software/max10_full_feature_bsp/\libhal_bsp.a(altera_nios2_gen2_irq.o)
 .debug_aranges
                0x00000000000002c8       0x38 E:/home/inouema/work/altera_max10/BeMicroMax10_full_feature_sw/software/max10_full_feature_bsp/\libhal_bsp.a(alt_exception_entry.o)
 .debug_aranges
                0x0000000000000300       0x28 E:/home/inouema/work/altera_max10/BeMicroMax10_full_feature_sw/software/max10_full_feature_bsp/\libhal_bsp.a(alt_instruction_exception_entry.o)
 .debug_aranges
                0x0000000000000328       0x18 c:/altera/15.0/nios2eds/bin/gnu/h-x86_64-mingw32/bin/../lib/gcc/nios2-elf/4.9.1/../../../../../H-x86_64-mingw32/nios2-elf/lib/mno-hw-mul\libsmallc.a(lib_a-int_errno.o)
 .debug_aranges
                0x0000000000000340       0x20 c:/altera/15.0/nios2eds/bin/gnu/h-x86_64-mingw32/bin/../lib/gcc/nios2-elf/4.9.1/../../../../../H-x86_64-mingw32/nios2-elf/lib/mno-hw-mul\libsmallc.a(lib_a-memcmp.o)
 .debug_aranges
                0x0000000000000360       0x20 c:/altera/15.0/nios2eds/bin/gnu/h-x86_64-mingw32/bin/../lib/gcc/nios2-elf/4.9.1/../../../../../H-x86_64-mingw32/nios2-elf/lib/mno-hw-mul\libsmallc.a(lib_a-memcpy.o)
 .debug_aranges
                0x0000000000000380       0x20 c:/altera/15.0/nios2eds/bin/gnu/h-x86_64-mingw32/bin/../lib/gcc/nios2-elf/4.9.1/../../../../../H-x86_64-mingw32/nios2-elf/lib/mno-hw-mul\libsmallc.a(lib_a-strlen.o)
 .debug_aranges
                0x00000000000003a0       0x20 c:/altera/15.0/nios2eds/bin/gnu/h-x86_64-mingw32/bin/../lib/gcc/nios2-elf/4.9.1/mno-hw-mul\libgcc.a(lib2-divmod.o)

.debug_pubnames
 *(.debug_pubnames)

.debug_info     0x0000000000000000     0x42a6
 *(.debug_info .gnu.linkonce.wi.*)
 .debug_info    0x0000000000000000       0x93 E:/home/inouema/work/altera_max10/BeMicroMax10_full_feature_sw/software/max10_full_feature_bsp//obj/HAL/src/crt0.o
 .debug_info    0x0000000000000093       0x81 obj/default/hello_world_small.o
 .debug_info    0x0000000000000114      0x1d2 E:/home/inouema/work/altera_max10/BeMicroMax10_full_feature_sw/software/max10_full_feature_bsp/\libhal_bsp.a(alt_load.o)
 .debug_info    0x00000000000002e6      0x17b E:/home/inouema/work/altera_max10/BeMicroMax10_full_feature_sw/software/max10_full_feature_bsp/\libhal_bsp.a(alt_main.o)
 .debug_info    0x0000000000000461      0x15d E:/home/inouema/work/altera_max10/BeMicroMax10_full_feature_sw/software/max10_full_feature_bsp/\libhal_bsp.a(alt_putstr.o)
 .debug_info    0x00000000000005be      0x7f7 E:/home/inouema/work/altera_max10/BeMicroMax10_full_feature_sw/software/max10_full_feature_bsp/\libhal_bsp.a(alt_sys_init.o)
 .debug_info    0x0000000000000db5      0x190 E:/home/inouema/work/altera_max10/BeMicroMax10_full_feature_sw/software/max10_full_feature_bsp/\libhal_bsp.a(altera_avalon_jtag_uart_write.o)
 .debug_info    0x0000000000000f45      0x999 E:/home/inouema/work/altera_max10/BeMicroMax10_full_feature_sw/software/max10_full_feature_bsp/\libhal_bsp.a(altera_modular_adc.o)
 .debug_info    0x00000000000018de      0xb6f E:/home/inouema/work/altera_max10/BeMicroMax10_full_feature_sw/software/max10_full_feature_bsp/\libhal_bsp.a(altera_onchip_flash.o)
 .debug_info    0x000000000000244d       0xb3 E:/home/inouema/work/altera_max10/BeMicroMax10_full_feature_sw/software/max10_full_feature_bsp/\libhal_bsp.a(alt_dcache_flush.o)
 .debug_info    0x0000000000002500       0x8b E:/home/inouema/work/altera_max10/BeMicroMax10_full_feature_sw/software/max10_full_feature_bsp/\libhal_bsp.a(alt_dcache_flush_all.o)
 .debug_info    0x000000000000258b      0x1a8 E:/home/inouema/work/altera_max10/BeMicroMax10_full_feature_sw/software/max10_full_feature_bsp/\libhal_bsp.a(alt_dev_llist_insert.o)
 .debug_info    0x0000000000002733       0x9f E:/home/inouema/work/altera_max10/BeMicroMax10_full_feature_sw/software/max10_full_feature_bsp/\libhal_bsp.a(alt_errno.o)
 .debug_info    0x00000000000027d2      0x356 E:/home/inouema/work/altera_max10/BeMicroMax10_full_feature_sw/software/max10_full_feature_bsp/\libhal_bsp.a(alt_find_dev.o)
 .debug_info    0x0000000000002b28      0x5dd E:/home/inouema/work/altera_max10/BeMicroMax10_full_feature_sw/software/max10_full_feature_bsp/\libhal_bsp.a(alt_flash_dev.o)
 .debug_info    0x0000000000003105       0x8b E:/home/inouema/work/altera_max10/BeMicroMax10_full_feature_sw/software/max10_full_feature_bsp/\libhal_bsp.a(alt_icache_flush_all.o)
 .debug_info    0x0000000000003190      0x39d E:/home/inouema/work/altera_max10/BeMicroMax10_full_feature_sw/software/max10_full_feature_bsp/\libhal_bsp.a(alt_iic.o)
 .debug_info    0x000000000000352d      0x249 E:/home/inouema/work/altera_max10/BeMicroMax10_full_feature_sw/software/max10_full_feature_bsp/\libhal_bsp.a(alt_iic_isr_register.o)
 .debug_info    0x0000000000003776       0x9c E:/home/inouema/work/altera_max10/BeMicroMax10_full_feature_sw/software/max10_full_feature_bsp/\libhal_bsp.a(alt_irq_entry.o)
 .debug_info    0x0000000000003812      0x185 E:/home/inouema/work/altera_max10/BeMicroMax10_full_feature_sw/software/max10_full_feature_bsp/\libhal_bsp.a(alt_irq_handler.o)
 .debug_info    0x0000000000003997       0x88 E:/home/inouema/work/altera_max10/BeMicroMax10_full_feature_sw/software/max10_full_feature_bsp/\libhal_bsp.a(alt_irq_vars.o)
 .debug_info    0x0000000000003a1f       0x8b E:/home/inouema/work/altera_max10/BeMicroMax10_full_feature_sw/software/max10_full_feature_bsp/\libhal_bsp.a(altera_nios2_gen2_irq.o)
 .debug_info    0x0000000000003aaa       0xa2 E:/home/inouema/work/altera_max10/BeMicroMax10_full_feature_sw/software/max10_full_feature_bsp/\libhal_bsp.a(alt_exception_entry.o)
 .debug_info    0x0000000000003b4c      0x1ee E:/home/inouema/work/altera_max10/BeMicroMax10_full_feature_sw/software/max10_full_feature_bsp/\libhal_bsp.a(alt_instruction_exception_entry.o)
 .debug_info    0x0000000000003d3a       0x83 c:/altera/15.0/nios2eds/bin/gnu/h-x86_64-mingw32/bin/../lib/gcc/nios2-elf/4.9.1/../../../../../H-x86_64-mingw32/nios2-elf/lib/mno-hw-mul\libsmallc.a(lib_a-int_errno.o)
 .debug_info    0x0000000000003dbd       0xed c:/altera/15.0/nios2eds/bin/gnu/h-x86_64-mingw32/bin/../lib/gcc/nios2-elf/4.9.1/../../../../../H-x86_64-mingw32/nios2-elf/lib/mno-hw-mul\libsmallc.a(lib_a-memcmp.o)
 .debug_info    0x0000000000003eaa      0x106 c:/altera/15.0/nios2eds/bin/gnu/h-x86_64-mingw32/bin/../lib/gcc/nios2-elf/4.9.1/../../../../../H-x86_64-mingw32/nios2-elf/lib/mno-hw-mul\libsmallc.a(lib_a-memcpy.o)
 .debug_info    0x0000000000003fb0       0xc2 c:/altera/15.0/nios2eds/bin/gnu/h-x86_64-mingw32/bin/../lib/gcc/nios2-elf/4.9.1/../../../../../H-x86_64-mingw32/nios2-elf/lib/mno-hw-mul\libsmallc.a(lib_a-strlen.o)
 .debug_info    0x0000000000004072      0x234 c:/altera/15.0/nios2eds/bin/gnu/h-x86_64-mingw32/bin/../lib/gcc/nios2-elf/4.9.1/mno-hw-mul\libgcc.a(lib2-divmod.o)

.debug_abbrev   0x0000000000000000     0x18c0
 *(.debug_abbrev)
 .debug_abbrev  0x0000000000000000       0x12 E:/home/inouema/work/altera_max10/BeMicroMax10_full_feature_sw/software/max10_full_feature_bsp//obj/HAL/src/crt0.o
 .debug_abbrev  0x0000000000000012       0x87 obj/default/hello_world_small.o
 .debug_abbrev  0x0000000000000099       0xe1 E:/home/inouema/work/altera_max10/BeMicroMax10_full_feature_sw/software/max10_full_feature_bsp/\libhal_bsp.a(alt_load.o)
 .debug_abbrev  0x000000000000017a      0x120 E:/home/inouema/work/altera_max10/BeMicroMax10_full_feature_sw/software/max10_full_feature_bsp/\libhal_bsp.a(alt_main.o)
 .debug_abbrev  0x000000000000029a       0xe2 E:/home/inouema/work/altera_max10/BeMicroMax10_full_feature_sw/software/max10_full_feature_bsp/\libhal_bsp.a(alt_putstr.o)
 .debug_abbrev  0x000000000000037c      0x19a E:/home/inouema/work/altera_max10/BeMicroMax10_full_feature_sw/software/max10_full_feature_bsp/\libhal_bsp.a(alt_sys_init.o)
 .debug_abbrev  0x0000000000000516       0xd5 E:/home/inouema/work/altera_max10/BeMicroMax10_full_feature_sw/software/max10_full_feature_bsp/\libhal_bsp.a(altera_avalon_jtag_uart_write.o)
 .debug_abbrev  0x00000000000005eb      0x2a5 E:/home/inouema/work/altera_max10/BeMicroMax10_full_feature_sw/software/max10_full_feature_bsp/\libhal_bsp.a(altera_modular_adc.o)
 .debug_abbrev  0x0000000000000890      0x2b1 E:/home/inouema/work/altera_max10/BeMicroMax10_full_feature_sw/software/max10_full_feature_bsp/\libhal_bsp.a(altera_onchip_flash.o)
 .debug_abbrev  0x0000000000000b41       0x74 E:/home/inouema/work/altera_max10/BeMicroMax10_full_feature_sw/software/max10_full_feature_bsp/\libhal_bsp.a(alt_dcache_flush.o)
 .debug_abbrev  0x0000000000000bb5       0x42 E:/home/inouema/work/altera_max10/BeMicroMax10_full_feature_sw/software/max10_full_feature_bsp/\libhal_bsp.a(alt_dcache_flush_all.o)
 .debug_abbrev  0x0000000000000bf7      0x11c E:/home/inouema/work/altera_max10/BeMicroMax10_full_feature_sw/software/max10_full_feature_bsp/\libhal_bsp.a(alt_dev_llist_insert.o)
 .debug_abbrev  0x0000000000000d13       0x5a E:/home/inouema/work/altera_max10/BeMicroMax10_full_feature_sw/software/max10_full_feature_bsp/\libhal_bsp.a(alt_errno.o)
 .debug_abbrev  0x0000000000000d6d      0x12e E:/home/inouema/work/altera_max10/BeMicroMax10_full_feature_sw/software/max10_full_feature_bsp/\libhal_bsp.a(alt_find_dev.o)
 .debug_abbrev  0x0000000000000e9b      0x16a E:/home/inouema/work/altera_max10/BeMicroMax10_full_feature_sw/software/max10_full_feature_bsp/\libhal_bsp.a(alt_flash_dev.o)
 .debug_abbrev  0x0000000000001005       0x42 E:/home/inouema/work/altera_max10/BeMicroMax10_full_feature_sw/software/max10_full_feature_bsp/\libhal_bsp.a(alt_icache_flush_all.o)
 .debug_abbrev  0x0000000000001047      0x17d E:/home/inouema/work/altera_max10/BeMicroMax10_full_feature_sw/software/max10_full_feature_bsp/\libhal_bsp.a(alt_iic.o)
 .debug_abbrev  0x00000000000011c4      0x1a6 E:/home/inouema/work/altera_max10/BeMicroMax10_full_feature_sw/software/max10_full_feature_bsp/\libhal_bsp.a(alt_iic_isr_register.o)
 .debug_abbrev  0x000000000000136a       0x12 E:/home/inouema/work/altera_max10/BeMicroMax10_full_feature_sw/software/max10_full_feature_bsp/\libhal_bsp.a(alt_irq_entry.o)
 .debug_abbrev  0x000000000000137c      0x122 E:/home/inouema/work/altera_max10/BeMicroMax10_full_feature_sw/software/max10_full_feature_bsp/\libhal_bsp.a(alt_irq_handler.o)
 .debug_abbrev  0x000000000000149e       0x40 E:/home/inouema/work/altera_max10/BeMicroMax10_full_feature_sw/software/max10_full_feature_bsp/\libhal_bsp.a(alt_irq_vars.o)
 .debug_abbrev  0x00000000000014de       0x42 E:/home/inouema/work/altera_max10/BeMicroMax10_full_feature_sw/software/max10_full_feature_bsp/\libhal_bsp.a(altera_nios2_gen2_irq.o)
 .debug_abbrev  0x0000000000001520       0x12 E:/home/inouema/work/altera_max10/BeMicroMax10_full_feature_sw/software/max10_full_feature_bsp/\libhal_bsp.a(alt_exception_entry.o)
 .debug_abbrev  0x0000000000001532       0xdc E:/home/inouema/work/altera_max10/BeMicroMax10_full_feature_sw/software/max10_full_feature_bsp/\libhal_bsp.a(alt_instruction_exception_entry.o)
 .debug_abbrev  0x000000000000160e       0x37 c:/altera/15.0/nios2eds/bin/gnu/h-x86_64-mingw32/bin/../lib/gcc/nios2-elf/4.9.1/../../../../../H-x86_64-mingw32/nios2-elf/lib/mno-hw-mul\libsmallc.a(lib_a-int_errno.o)
 .debug_abbrev  0x0000000000001645       0x7f c:/altera/15.0/nios2eds/bin/gnu/h-x86_64-mingw32/bin/../lib/gcc/nios2-elf/4.9.1/../../../../../H-x86_64-mingw32/nios2-elf/lib/mno-hw-mul\libsmallc.a(lib_a-memcmp.o)
 .debug_abbrev  0x00000000000016c4       0xa4 c:/altera/15.0/nios2eds/bin/gnu/h-x86_64-mingw32/bin/../lib/gcc/nios2-elf/4.9.1/../../../../../H-x86_64-mingw32/nios2-elf/lib/mno-hw-mul\libsmallc.a(lib_a-memcpy.o)
 .debug_abbrev  0x0000000000001768       0x7f c:/altera/15.0/nios2eds/bin/gnu/h-x86_64-mingw32/bin/../lib/gcc/nios2-elf/4.9.1/../../../../../H-x86_64-mingw32/nios2-elf/lib/mno-hw-mul\libsmallc.a(lib_a-strlen.o)
 .debug_abbrev  0x00000000000017e7       0xd9 c:/altera/15.0/nios2eds/bin/gnu/h-x86_64-mingw32/bin/../lib/gcc/nios2-elf/4.9.1/mno-hw-mul\libgcc.a(lib2-divmod.o)

.debug_line     0x0000000000000000     0x1a46
 *(.debug_line)
 .debug_line    0x0000000000000000       0x66 E:/home/inouema/work/altera_max10/BeMicroMax10_full_feature_sw/software/max10_full_feature_bsp//obj/HAL/src/crt0.o
 .debug_line    0x0000000000000066       0xc9 obj/default/hello_world_small.o
 .debug_line    0x000000000000012f       0xa6 E:/home/inouema/work/altera_max10/BeMicroMax10_full_feature_sw/software/max10_full_feature_bsp/\libhal_bsp.a(alt_load.o)
 .debug_line    0x00000000000001d5       0xbd E:/home/inouema/work/altera_max10/BeMicroMax10_full_feature_sw/software/max10_full_feature_bsp/\libhal_bsp.a(alt_main.o)
 .debug_line    0x0000000000000292       0xf5 E:/home/inouema/work/altera_max10/BeMicroMax10_full_feature_sw/software/max10_full_feature_bsp/\libhal_bsp.a(alt_putstr.o)
 .debug_line    0x0000000000000387      0x17f E:/home/inouema/work/altera_max10/BeMicroMax10_full_feature_sw/software/max10_full_feature_bsp/\libhal_bsp.a(alt_sys_init.o)
 .debug_line    0x0000000000000506       0xf0 E:/home/inouema/work/altera_max10/BeMicroMax10_full_feature_sw/software/max10_full_feature_bsp/\libhal_bsp.a(altera_avalon_jtag_uart_write.o)
 .debug_line    0x00000000000005f6      0x218 E:/home/inouema/work/altera_max10/BeMicroMax10_full_feature_sw/software/max10_full_feature_bsp/\libhal_bsp.a(altera_modular_adc.o)
 .debug_line    0x000000000000080e      0x394 E:/home/inouema/work/altera_max10/BeMicroMax10_full_feature_sw/software/max10_full_feature_bsp/\libhal_bsp.a(altera_onchip_flash.o)
 .debug_line    0x0000000000000ba2       0x63 E:/home/inouema/work/altera_max10/BeMicroMax10_full_feature_sw/software/max10_full_feature_bsp/\libhal_bsp.a(alt_dcache_flush.o)
 .debug_line    0x0000000000000c05       0x4e E:/home/inouema/work/altera_max10/BeMicroMax10_full_feature_sw/software/max10_full_feature_bsp/\libhal_bsp.a(alt_dcache_flush_all.o)
 .debug_line    0x0000000000000c53       0xd8 E:/home/inouema/work/altera_max10/BeMicroMax10_full_feature_sw/software/max10_full_feature_bsp/\libhal_bsp.a(alt_dev_llist_insert.o)
 .debug_line    0x0000000000000d2b       0x51 E:/home/inouema/work/altera_max10/BeMicroMax10_full_feature_sw/software/max10_full_feature_bsp/\libhal_bsp.a(alt_errno.o)
 .debug_line    0x0000000000000d7c      0x15c E:/home/inouema/work/altera_max10/BeMicroMax10_full_feature_sw/software/max10_full_feature_bsp/\libhal_bsp.a(alt_find_dev.o)
 .debug_line    0x0000000000000ed8       0xea E:/home/inouema/work/altera_max10/BeMicroMax10_full_feature_sw/software/max10_full_feature_bsp/\libhal_bsp.a(alt_flash_dev.o)
 .debug_line    0x0000000000000fc2       0x4e E:/home/inouema/work/altera_max10/BeMicroMax10_full_feature_sw/software/max10_full_feature_bsp/\libhal_bsp.a(alt_icache_flush_all.o)
 .debug_line    0x0000000000001010       0xf1 E:/home/inouema/work/altera_max10/BeMicroMax10_full_feature_sw/software/max10_full_feature_bsp/\libhal_bsp.a(alt_iic.o)
 .debug_line    0x0000000000001101       0xd6 E:/home/inouema/work/altera_max10/BeMicroMax10_full_feature_sw/software/max10_full_feature_bsp/\libhal_bsp.a(alt_iic_isr_register.o)
 .debug_line    0x00000000000011d7       0x6b E:/home/inouema/work/altera_max10/BeMicroMax10_full_feature_sw/software/max10_full_feature_bsp/\libhal_bsp.a(alt_irq_entry.o)
 .debug_line    0x0000000000001242       0xa5 E:/home/inouema/work/altera_max10/BeMicroMax10_full_feature_sw/software/max10_full_feature_bsp/\libhal_bsp.a(alt_irq_handler.o)
 .debug_line    0x00000000000012e7       0x50 E:/home/inouema/work/altera_max10/BeMicroMax10_full_feature_sw/software/max10_full_feature_bsp/\libhal_bsp.a(alt_irq_vars.o)
 .debug_line    0x0000000000001337       0x50 E:/home/inouema/work/altera_max10/BeMicroMax10_full_feature_sw/software/max10_full_feature_bsp/\libhal_bsp.a(altera_nios2_gen2_irq.o)
 .debug_line    0x0000000000001387       0xb3 E:/home/inouema/work/altera_max10/BeMicroMax10_full_feature_sw/software/max10_full_feature_bsp/\libhal_bsp.a(alt_exception_entry.o)
 .debug_line    0x000000000000143a       0xc5 E:/home/inouema/work/altera_max10/BeMicroMax10_full_feature_sw/software/max10_full_feature_bsp/\libhal_bsp.a(alt_instruction_exception_entry.o)
 .debug_line    0x00000000000014ff       0x60 c:/altera/15.0/nios2eds/bin/gnu/h-x86_64-mingw32/bin/../lib/gcc/nios2-elf/4.9.1/../../../../../H-x86_64-mingw32/nios2-elf/lib/mno-hw-mul\libsmallc.a(lib_a-int_errno.o)
 .debug_line    0x000000000000155f      0x162 c:/altera/15.0/nios2eds/bin/gnu/h-x86_64-mingw32/bin/../lib/gcc/nios2-elf/4.9.1/../../../../../H-x86_64-mingw32/nios2-elf/lib/mno-hw-mul\libsmallc.a(lib_a-memcmp.o)
 .debug_line    0x00000000000016c1      0x160 c:/altera/15.0/nios2eds/bin/gnu/h-x86_64-mingw32/bin/../lib/gcc/nios2-elf/4.9.1/../../../../../H-x86_64-mingw32/nios2-elf/lib/mno-hw-mul\libsmallc.a(lib_a-memcpy.o)
 .debug_line    0x0000000000001821      0x15e c:/altera/15.0/nios2eds/bin/gnu/h-x86_64-mingw32/bin/../lib/gcc/nios2-elf/4.9.1/../../../../../H-x86_64-mingw32/nios2-elf/lib/mno-hw-mul\libsmallc.a(lib_a-strlen.o)
 .debug_line    0x000000000000197f       0xc7 c:/altera/15.0/nios2eds/bin/gnu/h-x86_64-mingw32/bin/../lib/gcc/nios2-elf/4.9.1/mno-hw-mul\libgcc.a(lib2-divmod.o)

.debug_frame    0x0000000000000000      0x6d8
 *(.debug_frame)
 .debug_frame   0x0000000000000000       0x28 obj/default/hello_world_small.o
 .debug_frame   0x0000000000000028       0x30 E:/home/inouema/work/altera_max10/BeMicroMax10_full_feature_sw/software/max10_full_feature_bsp/\libhal_bsp.a(alt_load.o)
 .debug_frame   0x0000000000000058       0x2c E:/home/inouema/work/altera_max10/BeMicroMax10_full_feature_sw/software/max10_full_feature_bsp/\libhal_bsp.a(alt_main.o)
 .debug_frame   0x0000000000000084       0x30 E:/home/inouema/work/altera_max10/BeMicroMax10_full_feature_sw/software/max10_full_feature_bsp/\libhal_bsp.a(alt_putstr.o)
 .debug_frame   0x00000000000000b4       0x48 E:/home/inouema/work/altera_max10/BeMicroMax10_full_feature_sw/software/max10_full_feature_bsp/\libhal_bsp.a(alt_sys_init.o)
 .debug_frame   0x00000000000000fc       0x20 E:/home/inouema/work/altera_max10/BeMicroMax10_full_feature_sw/software/max10_full_feature_bsp/\libhal_bsp.a(altera_avalon_jtag_uart_write.o)
 .debug_frame   0x000000000000011c      0x15c E:/home/inouema/work/altera_max10/BeMicroMax10_full_feature_sw/software/max10_full_feature_bsp/\libhal_bsp.a(altera_modular_adc.o)
 .debug_frame   0x0000000000000278      0x15c E:/home/inouema/work/altera_max10/BeMicroMax10_full_feature_sw/software/max10_full_feature_bsp/\libhal_bsp.a(altera_onchip_flash.o)
 .debug_frame   0x00000000000003d4       0x20 E:/home/inouema/work/altera_max10/BeMicroMax10_full_feature_sw/software/max10_full_feature_bsp/\libhal_bsp.a(alt_dcache_flush.o)
 .debug_frame   0x00000000000003f4       0x20 E:/home/inouema/work/altera_max10/BeMicroMax10_full_feature_sw/software/max10_full_feature_bsp/\libhal_bsp.a(alt_dcache_flush_all.o)
 .debug_frame   0x0000000000000414       0x2c E:/home/inouema/work/altera_max10/BeMicroMax10_full_feature_sw/software/max10_full_feature_bsp/\libhal_bsp.a(alt_dev_llist_insert.o)
 .debug_frame   0x0000000000000440       0x3c E:/home/inouema/work/altera_max10/BeMicroMax10_full_feature_sw/software/max10_full_feature_bsp/\libhal_bsp.a(alt_find_dev.o)
 .debug_frame   0x000000000000047c       0x4c E:/home/inouema/work/altera_max10/BeMicroMax10_full_feature_sw/software/max10_full_feature_bsp/\libhal_bsp.a(alt_flash_dev.o)
 .debug_frame   0x00000000000004c8       0x20 E:/home/inouema/work/altera_max10/BeMicroMax10_full_feature_sw/software/max10_full_feature_bsp/\libhal_bsp.a(alt_icache_flush_all.o)
 .debug_frame   0x00000000000004e8       0x50 E:/home/inouema/work/altera_max10/BeMicroMax10_full_feature_sw/software/max10_full_feature_bsp/\libhal_bsp.a(alt_iic.o)
 .debug_frame   0x0000000000000538       0x30 E:/home/inouema/work/altera_max10/BeMicroMax10_full_feature_sw/software/max10_full_feature_bsp/\libhal_bsp.a(alt_iic_isr_register.o)
 .debug_frame   0x0000000000000568       0x34 E:/home/inouema/work/altera_max10/BeMicroMax10_full_feature_sw/software/max10_full_feature_bsp/\libhal_bsp.a(alt_irq_handler.o)
 .debug_frame   0x000000000000059c       0x20 E:/home/inouema/work/altera_max10/BeMicroMax10_full_feature_sw/software/max10_full_feature_bsp/\libhal_bsp.a(altera_nios2_gen2_irq.o)
 .debug_frame   0x00000000000005bc       0x30 E:/home/inouema/work/altera_max10/BeMicroMax10_full_feature_sw/software/max10_full_feature_bsp/\libhal_bsp.a(alt_instruction_exception_entry.o)
 .debug_frame   0x00000000000005ec       0x20 c:/altera/15.0/nios2eds/bin/gnu/h-x86_64-mingw32/bin/../lib/gcc/nios2-elf/4.9.1/../../../../../H-x86_64-mingw32/nios2-elf/lib/mno-hw-mul\libsmallc.a(lib_a-memcmp.o)
 .debug_frame   0x000000000000060c       0x20 c:/altera/15.0/nios2eds/bin/gnu/h-x86_64-mingw32/bin/../lib/gcc/nios2-elf/4.9.1/../../../../../H-x86_64-mingw32/nios2-elf/lib/mno-hw-mul\libsmallc.a(lib_a-memcpy.o)
 .debug_frame   0x000000000000062c       0x20 c:/altera/15.0/nios2eds/bin/gnu/h-x86_64-mingw32/bin/../lib/gcc/nios2-elf/4.9.1/../../../../../H-x86_64-mingw32/nios2-elf/lib/mno-hw-mul\libsmallc.a(lib_a-strlen.o)
 .debug_frame   0x000000000000064c       0x8c c:/altera/15.0/nios2eds/bin/gnu/h-x86_64-mingw32/bin/../lib/gcc/nios2-elf/4.9.1/mno-hw-mul\libgcc.a(lib2-divmod.o)

.debug_str      0x0000000000000000     0x184a
 *(.debug_str)
 .debug_str     0x0000000000000000       0xb2 obj/default/hello_world_small.o
                                         0xbc (size before relaxing)
 .debug_str     0x00000000000000b2      0x1d3 E:/home/inouema/work/altera_max10/BeMicroMax10_full_feature_sw/software/max10_full_feature_bsp/\libhal_bsp.a(alt_load.o)
                                        0x244 (size before relaxing)
 .debug_str     0x0000000000000285       0x8f E:/home/inouema/work/altera_max10/BeMicroMax10_full_feature_sw/software/max10_full_feature_bsp/\libhal_bsp.a(alt_main.o)
                                        0x1bd (size before relaxing)
 .debug_str     0x0000000000000314       0x6d E:/home/inouema/work/altera_max10/BeMicroMax10_full_feature_sw/software/max10_full_feature_bsp/\libhal_bsp.a(alt_putstr.o)
                                        0x1a1 (size before relaxing)
 .debug_str     0x0000000000000381      0x3fe E:/home/inouema/work/altera_max10/BeMicroMax10_full_feature_sw/software/max10_full_feature_bsp/\libhal_bsp.a(alt_sys_init.o)
                                        0x612 (size before relaxing)
 .debug_str     0x000000000000077f       0x32 E:/home/inouema/work/altera_max10/BeMicroMax10_full_feature_sw/software/max10_full_feature_bsp/\libhal_bsp.a(altera_avalon_jtag_uart_write.o)
                                        0x21d (size before relaxing)
 .debug_str     0x00000000000007b1      0x2fa E:/home/inouema/work/altera_max10/BeMicroMax10_full_feature_sw/software/max10_full_feature_bsp/\libhal_bsp.a(altera_modular_adc.o)
                                        0x581 (size before relaxing)
 .debug_str     0x0000000000000aab      0x2ca E:/home/inouema/work/altera_max10/BeMicroMax10_full_feature_sw/software/max10_full_feature_bsp/\libhal_bsp.a(altera_onchip_flash.o)
                                        0x72e (size before relaxing)
 .debug_str     0x0000000000000d75       0x1b E:/home/inouema/work/altera_max10/BeMicroMax10_full_feature_sw/software/max10_full_feature_bsp/\libhal_bsp.a(alt_dcache_flush.o)
                                        0x163 (size before relaxing)
 .debug_str     0x0000000000000d90       0x1f E:/home/inouema/work/altera_max10/BeMicroMax10_full_feature_sw/software/max10_full_feature_bsp/\libhal_bsp.a(alt_dcache_flush_all.o)
                                        0x15d (size before relaxing)
 .debug_str     0x0000000000000daf       0x48 E:/home/inouema/work/altera_max10/BeMicroMax10_full_feature_sw/software/max10_full_feature_bsp/\libhal_bsp.a(alt_dev_llist_insert.o)
                                        0x1d4 (size before relaxing)
 .debug_str     0x0000000000000df7       0x14 E:/home/inouema/work/altera_max10/BeMicroMax10_full_feature_sw/software/max10_full_feature_bsp/\libhal_bsp.a(alt_errno.o)
                                        0x14d (size before relaxing)
 .debug_str     0x0000000000000e0b       0x17 E:/home/inouema/work/altera_max10/BeMicroMax10_full_feature_sw/software/max10_full_feature_bsp/\libhal_bsp.a(alt_find_dev.o)
                                        0x209 (size before relaxing)
 .debug_str     0x0000000000000e22       0x3f E:/home/inouema/work/altera_max10/BeMicroMax10_full_feature_sw/software/max10_full_feature_bsp/\libhal_bsp.a(alt_flash_dev.o)
                                        0x36e (size before relaxing)
 .debug_str     0x0000000000000e61       0x1f E:/home/inouema/work/altera_max10/BeMicroMax10_full_feature_sw/software/max10_full_feature_bsp/\libhal_bsp.a(alt_icache_flush_all.o)
                                        0x15d (size before relaxing)
 .debug_str     0x0000000000000e80       0xab E:/home/inouema/work/altera_max10/BeMicroMax10_full_feature_sw/software/max10_full_feature_bsp/\libhal_bsp.a(alt_iic.o)
                                        0x25b (size before relaxing)
 .debug_str     0x0000000000000f2b       0x37 E:/home/inouema/work/altera_max10/BeMicroMax10_full_feature_sw/software/max10_full_feature_bsp/\libhal_bsp.a(alt_iic_isr_register.o)
                                        0x215 (size before relaxing)
 .debug_str     0x0000000000000f62       0x3a E:/home/inouema/work/altera_max10/BeMicroMax10_full_feature_sw/software/max10_full_feature_bsp/\libhal_bsp.a(alt_irq_handler.o)
                                        0x19f (size before relaxing)
 .debug_str     0x0000000000000f9c       0x17 E:/home/inouema/work/altera_max10/BeMicroMax10_full_feature_sw/software/max10_full_feature_bsp/\libhal_bsp.a(alt_irq_vars.o)
                                        0x14e (size before relaxing)
 .debug_str     0x0000000000000fb3       0x20 E:/home/inouema/work/altera_max10/BeMicroMax10_full_feature_sw/software/max10_full_feature_bsp/\libhal_bsp.a(altera_nios2_gen2_irq.o)
                                        0x164 (size before relaxing)
 .debug_str     0x0000000000000fd3      0x48b E:/home/inouema/work/altera_max10/BeMicroMax10_full_feature_sw/software/max10_full_feature_bsp/\libhal_bsp.a(alt_instruction_exception_entry.o)
                                        0x5a7 (size before relaxing)
 .debug_str     0x000000000000145e      0x104 c:/altera/15.0/nios2eds/bin/gnu/h-x86_64-mingw32/bin/../lib/gcc/nios2-elf/4.9.1/../../../../../H-x86_64-mingw32/nios2-elf/lib/mno-hw-mul\libsmallc.a(lib_a-int_errno.o)
                                        0x19c (size before relaxing)
 .debug_str     0x0000000000001562       0xd3 c:/altera/15.0/nios2eds/bin/gnu/h-x86_64-mingw32/bin/../lib/gcc/nios2-elf/4.9.1/../../../../../H-x86_64-mingw32/nios2-elf/lib/mno-hw-mul\libsmallc.a(lib_a-memcmp.o)
                                        0x1a3 (size before relaxing)
 .debug_str     0x0000000000001635       0x52 c:/altera/15.0/nios2eds/bin/gnu/h-x86_64-mingw32/bin/../lib/gcc/nios2-elf/4.9.1/../../../../../H-x86_64-mingw32/nios2-elf/lib/mno-hw-mul\libsmallc.a(lib_a-memcpy.o)
                                        0x1b7 (size before relaxing)
 .debug_str     0x0000000000001687       0x3e c:/altera/15.0/nios2eds/bin/gnu/h-x86_64-mingw32/bin/../lib/gcc/nios2-elf/4.9.1/../../../../../H-x86_64-mingw32/nios2-elf/lib/mno-hw-mul\libsmallc.a(lib_a-strlen.o)
                                        0x1a9 (size before relaxing)
 .debug_str     0x00000000000016c5      0x185 c:/altera/15.0/nios2eds/bin/gnu/h-x86_64-mingw32/bin/../lib/gcc/nios2-elf/4.9.1/mno-hw-mul\libgcc.a(lib2-divmod.o)
                                        0x1d0 (size before relaxing)

.debug_loc      0x0000000000000000     0x1934
 *(.debug_loc)
 .debug_loc     0x0000000000000000       0x8d E:/home/inouema/work/altera_max10/BeMicroMax10_full_feature_sw/software/max10_full_feature_bsp/\libhal_bsp.a(alt_load.o)
 .debug_loc     0x000000000000008d       0x37 E:/home/inouema/work/altera_max10/BeMicroMax10_full_feature_sw/software/max10_full_feature_bsp/\libhal_bsp.a(alt_putstr.o)
 .debug_loc     0x00000000000000c4       0x21 E:/home/inouema/work/altera_max10/BeMicroMax10_full_feature_sw/software/max10_full_feature_bsp/\libhal_bsp.a(alt_sys_init.o)
 .debug_loc     0x00000000000000e5       0x8b E:/home/inouema/work/altera_max10/BeMicroMax10_full_feature_sw/software/max10_full_feature_bsp/\libhal_bsp.a(altera_avalon_jtag_uart_write.o)
 .debug_loc     0x0000000000000170      0x364 E:/home/inouema/work/altera_max10/BeMicroMax10_full_feature_sw/software/max10_full_feature_bsp/\libhal_bsp.a(altera_modular_adc.o)
 .debug_loc     0x00000000000004d4      0xaf7 E:/home/inouema/work/altera_max10/BeMicroMax10_full_feature_sw/software/max10_full_feature_bsp/\libhal_bsp.a(altera_onchip_flash.o)
 .debug_loc     0x0000000000000fcb       0x58 E:/home/inouema/work/altera_max10/BeMicroMax10_full_feature_sw/software/max10_full_feature_bsp/\libhal_bsp.a(alt_dev_llist_insert.o)
 .debug_loc     0x0000000000001023       0x7e E:/home/inouema/work/altera_max10/BeMicroMax10_full_feature_sw/software/max10_full_feature_bsp/\libhal_bsp.a(alt_find_dev.o)
 .debug_loc     0x00000000000010a1       0x9a E:/home/inouema/work/altera_max10/BeMicroMax10_full_feature_sw/software/max10_full_feature_bsp/\libhal_bsp.a(alt_flash_dev.o)
 .debug_loc     0x000000000000113b      0x129 E:/home/inouema/work/altera_max10/BeMicroMax10_full_feature_sw/software/max10_full_feature_bsp/\libhal_bsp.a(alt_iic.o)
 .debug_loc     0x0000000000001264      0x193 E:/home/inouema/work/altera_max10/BeMicroMax10_full_feature_sw/software/max10_full_feature_bsp/\libhal_bsp.a(alt_iic_isr_register.o)
 .debug_loc     0x00000000000013f7       0x98 E:/home/inouema/work/altera_max10/BeMicroMax10_full_feature_sw/software/max10_full_feature_bsp/\libhal_bsp.a(alt_irq_handler.o)
 .debug_loc     0x000000000000148f       0x65 E:/home/inouema/work/altera_max10/BeMicroMax10_full_feature_sw/software/max10_full_feature_bsp/\libhal_bsp.a(alt_instruction_exception_entry.o)
 .debug_loc     0x00000000000014f4       0x94 c:/altera/15.0/nios2eds/bin/gnu/h-x86_64-mingw32/bin/../lib/gcc/nios2-elf/4.9.1/../../../../../H-x86_64-mingw32/nios2-elf/lib/mno-hw-mul\libsmallc.a(lib_a-memcmp.o)
 .debug_loc     0x0000000000001588      0x11b c:/altera/15.0/nios2eds/bin/gnu/h-x86_64-mingw32/bin/../lib/gcc/nios2-elf/4.9.1/../../../../../H-x86_64-mingw32/nios2-elf/lib/mno-hw-mul\libsmallc.a(lib_a-memcpy.o)
 .debug_loc     0x00000000000016a3       0x1e c:/altera/15.0/nios2eds/bin/gnu/h-x86_64-mingw32/bin/../lib/gcc/nios2-elf/4.9.1/../../../../../H-x86_64-mingw32/nios2-elf/lib/mno-hw-mul\libsmallc.a(lib_a-strlen.o)
 .debug_loc     0x00000000000016c1      0x273 c:/altera/15.0/nios2eds/bin/gnu/h-x86_64-mingw32/bin/../lib/gcc/nios2-elf/4.9.1/mno-hw-mul\libgcc.a(lib2-divmod.o)

.debug_macinfo
 *(.debug_macinfo)

.debug_weaknames
 *(.debug_weaknames)

.debug_funcnames
 *(.debug_funcnames)

.debug_typenames
 *(.debug_typenames)

.debug_varnames
 *(.debug_varnames)

.debug_alt_sim_info
                0x0000000000000000       0x10
 *(.debug_alt_sim_info)
 .debug_alt_sim_info
                0x0000000000000000       0x10 E:/home/inouema/work/altera_max10/BeMicroMax10_full_feature_sw/software/max10_full_feature_bsp//obj/HAL/src/crt0.o
                0x0000000001000000                __alt_data_end = 0x1000000
                0x0000000001000000                PROVIDE (__alt_stack_pointer, __alt_data_end)
                0x0000000000801640                PROVIDE (__alt_stack_limit, __alt_stack_base)
                0x0000000000801640                PROVIDE (__alt_heap_start, end)
                0x0000000001000000                PROVIDE (__alt_heap_limit, 0x1000000)
OUTPUT(max10_full_feature.elf elf32-littlenios2)

.debug_ranges   0x0000000000000000      0x130
 .debug_ranges  0x0000000000000000       0x20 E:/home/inouema/work/altera_max10/BeMicroMax10_full_feature_sw/software/max10_full_feature_bsp//obj/HAL/src/crt0.o
 .debug_ranges  0x0000000000000020       0x10 obj/default/hello_world_small.o
 .debug_ranges  0x0000000000000030       0x48 E:/home/inouema/work/altera_max10/BeMicroMax10_full_feature_sw/software/max10_full_feature_bsp/\libhal_bsp.a(alt_load.o)
 .debug_ranges  0x0000000000000078       0x18 E:/home/inouema/work/altera_max10/BeMicroMax10_full_feature_sw/software/max10_full_feature_bsp/\libhal_bsp.a(altera_onchip_flash.o)
 .debug_ranges  0x0000000000000090       0x20 E:/home/inouema/work/altera_max10/BeMicroMax10_full_feature_sw/software/max10_full_feature_bsp/\libhal_bsp.a(alt_dev_llist_insert.o)
 .debug_ranges  0x00000000000000b0       0x28 E:/home/inouema/work/altera_max10/BeMicroMax10_full_feature_sw/software/max10_full_feature_bsp/\libhal_bsp.a(alt_irq_entry.o)
 .debug_ranges  0x00000000000000d8       0x10 E:/home/inouema/work/altera_max10/BeMicroMax10_full_feature_sw/software/max10_full_feature_bsp/\libhal_bsp.a(alt_irq_handler.o)
 .debug_ranges  0x00000000000000e8       0x30 E:/home/inouema/work/altera_max10/BeMicroMax10_full_feature_sw/software/max10_full_feature_bsp/\libhal_bsp.a(alt_exception_entry.o)
 .debug_ranges  0x0000000000000118       0x18 E:/home/inouema/work/altera_max10/BeMicroMax10_full_feature_sw/software/max10_full_feature_bsp/\libhal_bsp.a(alt_instruction_exception_entry.o)
